Archive member included to satisfy reference by file (symbol)

c:/program files (x86)/atmel/studio/7.0/toolchain/avr8/avr8-gnu-toolchain/bin/../lib/gcc/avr/5.4.0/avr5\libgcc.a(_divmodhi4.o)
                              MCAL/PWM/PWM_Core.o (__divmodhi4)
c:/program files (x86)/atmel/studio/7.0/toolchain/avr8/avr8-gnu-toolchain/bin/../lib/gcc/avr/5.4.0/avr5\libgcc.a(_udivmodsi4.o)
                              HAL/LCD/LCD_Core.o (__udivmodsi4)
c:/program files (x86)/atmel/studio/7.0/toolchain/avr8/avr8-gnu-toolchain/bin/../lib/gcc/avr/5.4.0/avr5\libgcc.a(_divmodsi4.o)
                              HAL/LCD/LCD_Core.o (__divmodsi4)
c:/program files (x86)/atmel/studio/7.0/toolchain/avr8/avr8-gnu-toolchain/bin/../lib/gcc/avr/5.4.0/avr5\libgcc.a(_negsi2.o)
                              c:/program files (x86)/atmel/studio/7.0/toolchain/avr8/avr8-gnu-toolchain/bin/../lib/gcc/avr/5.4.0/avr5\libgcc.a(_divmodsi4.o) (__negsi2)
c:/program files (x86)/atmel/studio/7.0/toolchain/avr8/avr8-gnu-toolchain/bin/../lib/gcc/avr/5.4.0/avr5\libgcc.a(_exit.o)
                              C:/Program Files (x86)/Atmel/Studio/7.0/Packs/atmel/ATmega_DFP/1.7.374/gcc/dev/atmega32/avr5/crtatmega32.o (exit)
c:/program files (x86)/atmel/studio/7.0/toolchain/avr8/avr8-gnu-toolchain/bin/../lib/gcc/avr/5.4.0/avr5\libgcc.a(_copy_data.o)
                              APP/CFGH/HAL_CFG/Keypad_Cfg.o (__do_copy_data)
c:/program files (x86)/atmel/studio/7.0/toolchain/avr8/avr8-gnu-toolchain/bin/../lib/gcc/avr/5.4.0/avr5\libgcc.a(_clear_bss.o)
                              MCAL/ADC/ADC_Core.o (__do_clear_bss)
c:/program files (x86)/atmel/studio/7.0/toolchain/avr8/avr8-gnu-toolchain/bin/../lib/gcc/avr/5.4.0/avr5\libgcc.a(_udivmodhi4.o)
                              c:/program files (x86)/atmel/studio/7.0/toolchain/avr8/avr8-gnu-toolchain/bin/../lib/gcc/avr/5.4.0/avr5\libgcc.a(_divmodhi4.o) (__udivmodhi4)

Allocating common symbols
Common symbol       size              file

ADC_Vin_Value_mv    0x4               MCAL/ADC/ADC_Core.o

Discarded input sections

 .data          0x00000000        0x0 C:/Program Files (x86)/Atmel/Studio/7.0/Packs/atmel/ATmega_DFP/1.7.374/gcc/dev/atmega32/avr5/crtatmega32.o
 .bss           0x00000000        0x0 C:/Program Files (x86)/Atmel/Studio/7.0/Packs/atmel/ATmega_DFP/1.7.374/gcc/dev/atmega32/avr5/crtatmega32.o
 .text          0x00000000        0x0 APP/CFGH/HAL_CFG/Keypad_Cfg.o
 .data          0x00000000        0x0 APP/CFGH/HAL_CFG/Keypad_Cfg.o
 .bss           0x00000000        0x0 APP/CFGH/HAL_CFG/Keypad_Cfg.o
 .rodata.Keypad_Values
                0x00000000       0x10 APP/CFGH/HAL_CFG/Keypad_Cfg.o
 .debug_info    0x00000000       0x9a APP/CFGH/HAL_CFG/Keypad_Cfg.o
 .debug_abbrev  0x00000000       0x52 APP/CFGH/HAL_CFG/Keypad_Cfg.o
 .debug_aranges
                0x00000000       0x18 APP/CFGH/HAL_CFG/Keypad_Cfg.o
 .debug_line    0x00000000       0x4e APP/CFGH/HAL_CFG/Keypad_Cfg.o
 .debug_str     0x00000000      0x18f APP/CFGH/HAL_CFG/Keypad_Cfg.o
 .comment       0x00000000       0x31 APP/CFGH/HAL_CFG/Keypad_Cfg.o
 .text          0x00000000        0x0 APP/CFGH/HAL_CFG/LCD_CFG.o
 .data          0x00000000        0x0 APP/CFGH/HAL_CFG/LCD_CFG.o
 .bss           0x00000000        0x0 APP/CFGH/HAL_CFG/LCD_CFG.o
 .rodata.LCD_CUSTOM_CHARACTERS_g
                0x00000000       0x40 APP/CFGH/HAL_CFG/LCD_CFG.o
 .debug_info    0x00000000       0x9a APP/CFGH/HAL_CFG/LCD_CFG.o
 .debug_abbrev  0x00000000       0x52 APP/CFGH/HAL_CFG/LCD_CFG.o
 .debug_aranges
                0x00000000       0x18 APP/CFGH/HAL_CFG/LCD_CFG.o
 .debug_line    0x00000000       0x4b APP/CFGH/HAL_CFG/LCD_CFG.o
 .debug_str     0x00000000      0x196 APP/CFGH/HAL_CFG/LCD_CFG.o
 .comment       0x00000000       0x31 APP/CFGH/HAL_CFG/LCD_CFG.o
 .text          0x00000000        0x0 APP/CFGH/MCAL_CFG/PORT_LCfg.o
 .data          0x00000000        0x0 APP/CFGH/MCAL_CFG/PORT_LCfg.o
 .bss           0x00000000        0x0 APP/CFGH/MCAL_CFG/PORT_LCfg.o
 .text          0x00000000        0x0 APP/MAIN/main.o
 .data          0x00000000        0x0 APP/MAIN/main.o
 .bss           0x00000000        0x0 APP/MAIN/main.o
 .text          0x00000000        0x0 HAL/Button/Button_Core.o
 .data          0x00000000        0x0 HAL/Button/Button_Core.o
 .bss           0x00000000        0x0 HAL/Button/Button_Core.o
 .text.Button_Init
                0x00000000        0x8 HAL/Button/Button_Core.o
 .text.Button_GetValue
                0x00000000       0x2c HAL/Button/Button_Core.o
 .debug_info    0x00000000      0x151 HAL/Button/Button_Core.o
 .debug_abbrev  0x00000000       0xe0 HAL/Button/Button_Core.o
 .debug_loc     0x00000000       0x91 HAL/Button/Button_Core.o
 .debug_aranges
                0x00000000       0x28 HAL/Button/Button_Core.o
 .debug_ranges  0x00000000       0x18 HAL/Button/Button_Core.o
 .debug_line    0x00000000      0x167 HAL/Button/Button_Core.o
 .debug_str     0x00000000      0x211 HAL/Button/Button_Core.o
 .comment       0x00000000       0x31 HAL/Button/Button_Core.o
 .debug_frame   0x00000000       0x34 HAL/Button/Button_Core.o
 .text          0x00000000        0x0 HAL/KeyPad/KeyPad_Core.o
 .data          0x00000000        0x0 HAL/KeyPad/KeyPad_Core.o
 .bss           0x00000000        0x0 HAL/KeyPad/KeyPad_Core.o
 .text.Keypad_Init
                0x00000000       0x22 HAL/KeyPad/KeyPad_Core.o
 .text.Keypad_GetValue
                0x00000000       0x7c HAL/KeyPad/KeyPad_Core.o
 .debug_info    0x00000000      0x295 HAL/KeyPad/KeyPad_Core.o
 .debug_abbrev  0x00000000      0x15e HAL/KeyPad/KeyPad_Core.o
 .debug_loc     0x00000000      0x122 HAL/KeyPad/KeyPad_Core.o
 .debug_aranges
                0x00000000       0x28 HAL/KeyPad/KeyPad_Core.o
 .debug_ranges  0x00000000       0x18 HAL/KeyPad/KeyPad_Core.o
 .debug_line    0x00000000      0x20c HAL/KeyPad/KeyPad_Core.o
 .debug_str     0x00000000      0x272 HAL/KeyPad/KeyPad_Core.o
 .comment       0x00000000       0x31 HAL/KeyPad/KeyPad_Core.o
 .debug_frame   0x00000000       0x44 HAL/KeyPad/KeyPad_Core.o
 .text          0x00000000        0x0 HAL/LCD/LCD_Core.o
 .data          0x00000000        0x0 HAL/LCD/LCD_Core.o
 .bss           0x00000000        0x0 HAL/LCD/LCD_Core.o
 .text.LCD_WriteCommand
                0x00000000       0xbc HAL/LCD/LCD_Core.o
 .text.LCD_Init
                0x00000000       0x2c HAL/LCD/LCD_Core.o
 .text.LCD_WriteChar
                0x00000000       0xbc HAL/LCD/LCD_Core.o
 .text.LCD_WriteString
                0x00000000       0x26 HAL/LCD/LCD_Core.o
 .text.LCD_WiteInteger
                0x00000000       0xcc HAL/LCD/LCD_Core.o
 .text.LCD_GoTo
                0x00000000       0x30 HAL/LCD/LCD_Core.o
 .text.LCD_Clear
                0x00000000        0x8 HAL/LCD/LCD_Core.o
 .text.LCD_WriteCustomCharacter
                0x00000000       0x42 HAL/LCD/LCD_Core.o
 .debug_info    0x00000000      0x7e7 HAL/LCD/LCD_Core.o
 .debug_abbrev  0x00000000      0x1d5 HAL/LCD/LCD_Core.o
 .debug_loc     0x00000000      0x4f4 HAL/LCD/LCD_Core.o
 .debug_aranges
                0x00000000       0x58 HAL/LCD/LCD_Core.o
 .debug_ranges  0x00000000       0x48 HAL/LCD/LCD_Core.o
 .debug_line    0x00000000      0x3a0 HAL/LCD/LCD_Core.o
 .debug_str     0x00000000      0x2e2 HAL/LCD/LCD_Core.o
 .comment       0x00000000       0x31 HAL/LCD/LCD_Core.o
 .debug_frame   0x00000000       0xf8 HAL/LCD/LCD_Core.o
 .text          0x00000000        0x0 HAL/LED/LED_Core.o
 .data          0x00000000        0x0 HAL/LED/LED_Core.o
 .bss           0x00000000        0x0 HAL/LED/LED_Core.o
 .text.LED_Init
                0x00000000        0x8 HAL/LED/LED_Core.o
 .text.LED_ON   0x00000000        0x8 HAL/LED/LED_Core.o
 .text.LED_OFF  0x00000000        0x8 HAL/LED/LED_Core.o
 .text.LED_Toggle
                0x00000000        0xa HAL/LED/LED_Core.o
 .debug_info    0x00000000       0xc5 HAL/LED/LED_Core.o
 .debug_abbrev  0x00000000       0x46 HAL/LED/LED_Core.o
 .debug_aranges
                0x00000000       0x38 HAL/LED/LED_Core.o
 .debug_ranges  0x00000000       0x28 HAL/LED/LED_Core.o
 .debug_line    0x00000000       0x9b HAL/LED/LED_Core.o
 .debug_str     0x00000000      0x190 HAL/LED/LED_Core.o
 .comment       0x00000000       0x31 HAL/LED/LED_Core.o
 .debug_frame   0x00000000       0x54 HAL/LED/LED_Core.o
 .text          0x00000000        0x0 HAL/SevenSeg/SevSeg_Core.o
 .data          0x00000000        0x0 HAL/SevenSeg/SevSeg_Core.o
 .bss           0x00000000        0x0 HAL/SevenSeg/SevSeg_Core.o
 .text.SevSeg_Init
                0x00000000       0x12 HAL/SevenSeg/SevSeg_Core.o
 .text.SevSeg_Display
                0x00000000       0x64 HAL/SevenSeg/SevSeg_Core.o
 .rodata.Seven_Segment_Values_g
                0x00000000        0xa HAL/SevenSeg/SevSeg_Core.o
 .debug_info    0x00000000      0x1ad HAL/SevenSeg/SevSeg_Core.o
 .debug_abbrev  0x00000000      0x119 HAL/SevenSeg/SevSeg_Core.o
 .debug_loc     0x00000000       0xad HAL/SevenSeg/SevSeg_Core.o
 .debug_aranges
                0x00000000       0x28 HAL/SevenSeg/SevSeg_Core.o
 .debug_ranges  0x00000000       0x18 HAL/SevenSeg/SevSeg_Core.o
 .debug_line    0x00000000      0x17f HAL/SevenSeg/SevSeg_Core.o
 .debug_str     0x00000000      0x22c HAL/SevenSeg/SevSeg_Core.o
 .comment       0x00000000       0x31 HAL/SevenSeg/SevSeg_Core.o
 .debug_frame   0x00000000       0x34 HAL/SevenSeg/SevSeg_Core.o
 .text          0x00000000        0x0 MCAL/ADC/ADC_Core.o
 .data          0x00000000        0x0 MCAL/ADC/ADC_Core.o
 .bss           0x00000000        0x0 MCAL/ADC/ADC_Core.o
 .text.ADC_Init
                0x00000000       0x36 MCAL/ADC/ADC_Core.o
 .text.ADC_Read
                0x00000000        0x8 MCAL/ADC/ADC_Core.o
 .text          0x00000000        0x0 MCAL/DIO/DIO_Core.o
 .data          0x00000000        0x0 MCAL/DIO/DIO_Core.o
 .bss           0x00000000        0x0 MCAL/DIO/DIO_Core.o
 .text.DIO_WriteChannel
                0x00000000      0x10e MCAL/DIO/DIO_Core.o
 .text.DIO_ReadChannel
                0x00000000       0x70 MCAL/DIO/DIO_Core.o
 .text.DIO_FlipChannel
                0x00000000       0x82 MCAL/DIO/DIO_Core.o
 .text.DIO_WritePort
                0x00000000       0x26 MCAL/DIO/DIO_Core.o
 .text.DIO_ReadPort
                0x00000000       0x2a MCAL/DIO/DIO_Core.o
 .debug_info    0x00000000      0x219 MCAL/DIO/DIO_Core.o
 .debug_abbrev  0x00000000       0xd2 MCAL/DIO/DIO_Core.o
 .debug_loc     0x00000000      0x59b MCAL/DIO/DIO_Core.o
 .debug_aranges
                0x00000000       0x40 MCAL/DIO/DIO_Core.o
 .debug_ranges  0x00000000       0x30 MCAL/DIO/DIO_Core.o
 .debug_line    0x00000000      0x226 MCAL/DIO/DIO_Core.o
 .debug_str     0x00000000      0x20d MCAL/DIO/DIO_Core.o
 .comment       0x00000000       0x31 MCAL/DIO/DIO_Core.o
 .debug_frame   0x00000000       0x64 MCAL/DIO/DIO_Core.o
 .text          0x00000000        0x0 MCAL/GPT/GPT_Core.o
 .data          0x00000000        0x0 MCAL/GPT/GPT_Core.o
 .bss           0x00000000        0x0 MCAL/GPT/GPT_Core.o
 .text.GPT_Init
                0x00000000       0x1a MCAL/GPT/GPT_Core.o
 .text.GPT_SetTime
                0x00000000       0x5c MCAL/GPT/GPT_Core.o
 .text          0x00000000        0x0 MCAL/IRQH/IRQH_Core.o
 .data          0x00000000        0x0 MCAL/IRQH/IRQH_Core.o
 .bss           0x00000000        0x0 MCAL/IRQH/IRQH_Core.o
 .text.IRQH_SetGlobalInterrupts
                0x00000000       0x18 MCAL/IRQH/IRQH_Core.o
 .text.IRQH_SetExternalInterrupts
                0x00000000       0x14 MCAL/IRQH/IRQH_Core.o
 .text.IRQH_SetCallBack
                0x00000000        0xa MCAL/IRQH/IRQH_Core.o
 .bss.GPT_ptr   0x00000000        0x2 MCAL/IRQH/IRQH_Core.o
 .text          0x00000000        0x0 MCAL/PORT/PORT_Core.o
 .data          0x00000000        0x0 MCAL/PORT/PORT_Core.o
 .bss           0x00000000        0x0 MCAL/PORT/PORT_Core.o
 .text          0x00000000        0x0 MCAL/PWM/PWM_Core.o
 .data          0x00000000        0x0 MCAL/PWM/PWM_Core.o
 .bss           0x00000000        0x0 MCAL/PWM/PWM_Core.o
 .text.PWM_Init
                0x00000000       0x1a MCAL/PWM/PWM_Core.o
 .text.PWM0_Generate
                0x00000000       0x18 MCAL/PWM/PWM_Core.o
 .debug_info    0x00000000       0xa9 MCAL/PWM/PWM_Core.o
 .debug_abbrev  0x00000000       0x6d MCAL/PWM/PWM_Core.o
 .debug_loc     0x00000000       0x1e MCAL/PWM/PWM_Core.o
 .debug_aranges
                0x00000000       0x28 MCAL/PWM/PWM_Core.o
 .debug_ranges  0x00000000       0x18 MCAL/PWM/PWM_Core.o
 .debug_line    0x00000000       0x89 MCAL/PWM/PWM_Core.o
 .debug_str     0x00000000      0x190 MCAL/PWM/PWM_Core.o
 .comment       0x00000000       0x31 MCAL/PWM/PWM_Core.o
 .debug_frame   0x00000000       0x34 MCAL/PWM/PWM_Core.o
 .text          0x00000000        0x0 c:/program files (x86)/atmel/studio/7.0/toolchain/avr8/avr8-gnu-toolchain/bin/../lib/gcc/avr/5.4.0/avr5\libgcc.a(_divmodhi4.o)
 .data          0x00000000        0x0 c:/program files (x86)/atmel/studio/7.0/toolchain/avr8/avr8-gnu-toolchain/bin/../lib/gcc/avr/5.4.0/avr5\libgcc.a(_divmodhi4.o)
 .bss           0x00000000        0x0 c:/program files (x86)/atmel/studio/7.0/toolchain/avr8/avr8-gnu-toolchain/bin/../lib/gcc/avr/5.4.0/avr5\libgcc.a(_divmodhi4.o)
 .text.libgcc.mul
                0x00000000        0x0 c:/program files (x86)/atmel/studio/7.0/toolchain/avr8/avr8-gnu-toolchain/bin/../lib/gcc/avr/5.4.0/avr5\libgcc.a(_divmodhi4.o)
 .text.libgcc.div
                0x00000000       0x28 c:/program files (x86)/atmel/studio/7.0/toolchain/avr8/avr8-gnu-toolchain/bin/../lib/gcc/avr/5.4.0/avr5\libgcc.a(_divmodhi4.o)
 .text.libgcc   0x00000000        0x0 c:/program files (x86)/atmel/studio/7.0/toolchain/avr8/avr8-gnu-toolchain/bin/../lib/gcc/avr/5.4.0/avr5\libgcc.a(_divmodhi4.o)
 .text.libgcc.prologue
                0x00000000        0x0 c:/program files (x86)/atmel/studio/7.0/toolchain/avr8/avr8-gnu-toolchain/bin/../lib/gcc/avr/5.4.0/avr5\libgcc.a(_divmodhi4.o)
 .text.libgcc.builtins
                0x00000000        0x0 c:/program files (x86)/atmel/studio/7.0/toolchain/avr8/avr8-gnu-toolchain/bin/../lib/gcc/avr/5.4.0/avr5\libgcc.a(_divmodhi4.o)
 .text.libgcc.fmul
                0x00000000        0x0 c:/program files (x86)/atmel/studio/7.0/toolchain/avr8/avr8-gnu-toolchain/bin/../lib/gcc/avr/5.4.0/avr5\libgcc.a(_divmodhi4.o)
 .text.libgcc.fixed
                0x00000000        0x0 c:/program files (x86)/atmel/studio/7.0/toolchain/avr8/avr8-gnu-toolchain/bin/../lib/gcc/avr/5.4.0/avr5\libgcc.a(_divmodhi4.o)
 .text          0x00000000        0x0 c:/program files (x86)/atmel/studio/7.0/toolchain/avr8/avr8-gnu-toolchain/bin/../lib/gcc/avr/5.4.0/avr5\libgcc.a(_udivmodsi4.o)
 .data          0x00000000        0x0 c:/program files (x86)/atmel/studio/7.0/toolchain/avr8/avr8-gnu-toolchain/bin/../lib/gcc/avr/5.4.0/avr5\libgcc.a(_udivmodsi4.o)
 .bss           0x00000000        0x0 c:/program files (x86)/atmel/studio/7.0/toolchain/avr8/avr8-gnu-toolchain/bin/../lib/gcc/avr/5.4.0/avr5\libgcc.a(_udivmodsi4.o)
 .text.libgcc.mul
                0x00000000        0x0 c:/program files (x86)/atmel/studio/7.0/toolchain/avr8/avr8-gnu-toolchain/bin/../lib/gcc/avr/5.4.0/avr5\libgcc.a(_udivmodsi4.o)
 .text.libgcc.div
                0x00000000       0x44 c:/program files (x86)/atmel/studio/7.0/toolchain/avr8/avr8-gnu-toolchain/bin/../lib/gcc/avr/5.4.0/avr5\libgcc.a(_udivmodsi4.o)
 .text.libgcc   0x00000000        0x0 c:/program files (x86)/atmel/studio/7.0/toolchain/avr8/avr8-gnu-toolchain/bin/../lib/gcc/avr/5.4.0/avr5\libgcc.a(_udivmodsi4.o)
 .text.libgcc.prologue
                0x00000000        0x0 c:/program files (x86)/atmel/studio/7.0/toolchain/avr8/avr8-gnu-toolchain/bin/../lib/gcc/avr/5.4.0/avr5\libgcc.a(_udivmodsi4.o)
 .text.libgcc.builtins
                0x00000000        0x0 c:/program files (x86)/atmel/studio/7.0/toolchain/avr8/avr8-gnu-toolchain/bin/../lib/gcc/avr/5.4.0/avr5\libgcc.a(_udivmodsi4.o)
 .text.libgcc.fmul
                0x00000000        0x0 c:/program files (x86)/atmel/studio/7.0/toolchain/avr8/avr8-gnu-toolchain/bin/../lib/gcc/avr/5.4.0/avr5\libgcc.a(_udivmodsi4.o)
 .text.libgcc.fixed
                0x00000000        0x0 c:/program files (x86)/atmel/studio/7.0/toolchain/avr8/avr8-gnu-toolchain/bin/../lib/gcc/avr/5.4.0/avr5\libgcc.a(_udivmodsi4.o)
 .text          0x00000000        0x0 c:/program files (x86)/atmel/studio/7.0/toolchain/avr8/avr8-gnu-toolchain/bin/../lib/gcc/avr/5.4.0/avr5\libgcc.a(_divmodsi4.o)
 .data          0x00000000        0x0 c:/program files (x86)/atmel/studio/7.0/toolchain/avr8/avr8-gnu-toolchain/bin/../lib/gcc/avr/5.4.0/avr5\libgcc.a(_divmodsi4.o)
 .bss           0x00000000        0x0 c:/program files (x86)/atmel/studio/7.0/toolchain/avr8/avr8-gnu-toolchain/bin/../lib/gcc/avr/5.4.0/avr5\libgcc.a(_divmodsi4.o)
 .text.libgcc.mul
                0x00000000        0x0 c:/program files (x86)/atmel/studio/7.0/toolchain/avr8/avr8-gnu-toolchain/bin/../lib/gcc/avr/5.4.0/avr5\libgcc.a(_divmodsi4.o)
 .text.libgcc.div
                0x00000000       0x2e c:/program files (x86)/atmel/studio/7.0/toolchain/avr8/avr8-gnu-toolchain/bin/../lib/gcc/avr/5.4.0/avr5\libgcc.a(_divmodsi4.o)
 .text.libgcc   0x00000000        0x0 c:/program files (x86)/atmel/studio/7.0/toolchain/avr8/avr8-gnu-toolchain/bin/../lib/gcc/avr/5.4.0/avr5\libgcc.a(_divmodsi4.o)
 .text.libgcc.prologue
                0x00000000        0x0 c:/program files (x86)/atmel/studio/7.0/toolchain/avr8/avr8-gnu-toolchain/bin/../lib/gcc/avr/5.4.0/avr5\libgcc.a(_divmodsi4.o)
 .text.libgcc.builtins
                0x00000000        0x0 c:/program files (x86)/atmel/studio/7.0/toolchain/avr8/avr8-gnu-toolchain/bin/../lib/gcc/avr/5.4.0/avr5\libgcc.a(_divmodsi4.o)
 .text.libgcc.fmul
                0x00000000        0x0 c:/program files (x86)/atmel/studio/7.0/toolchain/avr8/avr8-gnu-toolchain/bin/../lib/gcc/avr/5.4.0/avr5\libgcc.a(_divmodsi4.o)
 .text.libgcc.fixed
                0x00000000        0x0 c:/program files (x86)/atmel/studio/7.0/toolchain/avr8/avr8-gnu-toolchain/bin/../lib/gcc/avr/5.4.0/avr5\libgcc.a(_divmodsi4.o)
 .text          0x00000000        0x0 c:/program files (x86)/atmel/studio/7.0/toolchain/avr8/avr8-gnu-toolchain/bin/../lib/gcc/avr/5.4.0/avr5\libgcc.a(_negsi2.o)
 .data          0x00000000        0x0 c:/program files (x86)/atmel/studio/7.0/toolchain/avr8/avr8-gnu-toolchain/bin/../lib/gcc/avr/5.4.0/avr5\libgcc.a(_negsi2.o)
 .bss           0x00000000        0x0 c:/program files (x86)/atmel/studio/7.0/toolchain/avr8/avr8-gnu-toolchain/bin/../lib/gcc/avr/5.4.0/avr5\libgcc.a(_negsi2.o)
 .text.libgcc.mul
                0x00000000        0x0 c:/program files (x86)/atmel/studio/7.0/toolchain/avr8/avr8-gnu-toolchain/bin/../lib/gcc/avr/5.4.0/avr5\libgcc.a(_negsi2.o)
 .text.libgcc.div
                0x00000000       0x10 c:/program files (x86)/atmel/studio/7.0/toolchain/avr8/avr8-gnu-toolchain/bin/../lib/gcc/avr/5.4.0/avr5\libgcc.a(_negsi2.o)
 .text.libgcc   0x00000000        0x0 c:/program files (x86)/atmel/studio/7.0/toolchain/avr8/avr8-gnu-toolchain/bin/../lib/gcc/avr/5.4.0/avr5\libgcc.a(_negsi2.o)
 .text.libgcc.prologue
                0x00000000        0x0 c:/program files (x86)/atmel/studio/7.0/toolchain/avr8/avr8-gnu-toolchain/bin/../lib/gcc/avr/5.4.0/avr5\libgcc.a(_negsi2.o)
 .text.libgcc.builtins
                0x00000000        0x0 c:/program files (x86)/atmel/studio/7.0/toolchain/avr8/avr8-gnu-toolchain/bin/../lib/gcc/avr/5.4.0/avr5\libgcc.a(_negsi2.o)
 .text.libgcc.fmul
                0x00000000        0x0 c:/program files (x86)/atmel/studio/7.0/toolchain/avr8/avr8-gnu-toolchain/bin/../lib/gcc/avr/5.4.0/avr5\libgcc.a(_negsi2.o)
 .text.libgcc.fixed
                0x00000000        0x0 c:/program files (x86)/atmel/studio/7.0/toolchain/avr8/avr8-gnu-toolchain/bin/../lib/gcc/avr/5.4.0/avr5\libgcc.a(_negsi2.o)
 .text          0x00000000        0x0 c:/program files (x86)/atmel/studio/7.0/toolchain/avr8/avr8-gnu-toolchain/bin/../lib/gcc/avr/5.4.0/avr5\libgcc.a(_exit.o)
 .data          0x00000000        0x0 c:/program files (x86)/atmel/studio/7.0/toolchain/avr8/avr8-gnu-toolchain/bin/../lib/gcc/avr/5.4.0/avr5\libgcc.a(_exit.o)
 .bss           0x00000000        0x0 c:/program files (x86)/atmel/studio/7.0/toolchain/avr8/avr8-gnu-toolchain/bin/../lib/gcc/avr/5.4.0/avr5\libgcc.a(_exit.o)
 .text.libgcc.mul
                0x00000000        0x0 c:/program files (x86)/atmel/studio/7.0/toolchain/avr8/avr8-gnu-toolchain/bin/../lib/gcc/avr/5.4.0/avr5\libgcc.a(_exit.o)
 .text.libgcc.div
                0x00000000        0x0 c:/program files (x86)/atmel/studio/7.0/toolchain/avr8/avr8-gnu-toolchain/bin/../lib/gcc/avr/5.4.0/avr5\libgcc.a(_exit.o)
 .text.libgcc   0x00000000        0x0 c:/program files (x86)/atmel/studio/7.0/toolchain/avr8/avr8-gnu-toolchain/bin/../lib/gcc/avr/5.4.0/avr5\libgcc.a(_exit.o)
 .text.libgcc.prologue
                0x00000000        0x0 c:/program files (x86)/atmel/studio/7.0/toolchain/avr8/avr8-gnu-toolchain/bin/../lib/gcc/avr/5.4.0/avr5\libgcc.a(_exit.o)
 .text.libgcc.builtins
                0x00000000        0x0 c:/program files (x86)/atmel/studio/7.0/toolchain/avr8/avr8-gnu-toolchain/bin/../lib/gcc/avr/5.4.0/avr5\libgcc.a(_exit.o)
 .text.libgcc.fmul
                0x00000000        0x0 c:/program files (x86)/atmel/studio/7.0/toolchain/avr8/avr8-gnu-toolchain/bin/../lib/gcc/avr/5.4.0/avr5\libgcc.a(_exit.o)
 .text.libgcc.fixed
                0x00000000        0x0 c:/program files (x86)/atmel/studio/7.0/toolchain/avr8/avr8-gnu-toolchain/bin/../lib/gcc/avr/5.4.0/avr5\libgcc.a(_exit.o)
 .text          0x00000000        0x0 c:/program files (x86)/atmel/studio/7.0/toolchain/avr8/avr8-gnu-toolchain/bin/../lib/gcc/avr/5.4.0/avr5\libgcc.a(_copy_data.o)
 .data          0x00000000        0x0 c:/program files (x86)/atmel/studio/7.0/toolchain/avr8/avr8-gnu-toolchain/bin/../lib/gcc/avr/5.4.0/avr5\libgcc.a(_copy_data.o)
 .bss           0x00000000        0x0 c:/program files (x86)/atmel/studio/7.0/toolchain/avr8/avr8-gnu-toolchain/bin/../lib/gcc/avr/5.4.0/avr5\libgcc.a(_copy_data.o)
 .text.libgcc.mul
                0x00000000        0x0 c:/program files (x86)/atmel/studio/7.0/toolchain/avr8/avr8-gnu-toolchain/bin/../lib/gcc/avr/5.4.0/avr5\libgcc.a(_copy_data.o)
 .text.libgcc.div
                0x00000000        0x0 c:/program files (x86)/atmel/studio/7.0/toolchain/avr8/avr8-gnu-toolchain/bin/../lib/gcc/avr/5.4.0/avr5\libgcc.a(_copy_data.o)
 .text.libgcc   0x00000000        0x0 c:/program files (x86)/atmel/studio/7.0/toolchain/avr8/avr8-gnu-toolchain/bin/../lib/gcc/avr/5.4.0/avr5\libgcc.a(_copy_data.o)
 .text.libgcc.prologue
                0x00000000        0x0 c:/program files (x86)/atmel/studio/7.0/toolchain/avr8/avr8-gnu-toolchain/bin/../lib/gcc/avr/5.4.0/avr5\libgcc.a(_copy_data.o)
 .text.libgcc.builtins
                0x00000000        0x0 c:/program files (x86)/atmel/studio/7.0/toolchain/avr8/avr8-gnu-toolchain/bin/../lib/gcc/avr/5.4.0/avr5\libgcc.a(_copy_data.o)
 .text.libgcc.fmul
                0x00000000        0x0 c:/program files (x86)/atmel/studio/7.0/toolchain/avr8/avr8-gnu-toolchain/bin/../lib/gcc/avr/5.4.0/avr5\libgcc.a(_copy_data.o)
 .text.libgcc.fixed
                0x00000000        0x0 c:/program files (x86)/atmel/studio/7.0/toolchain/avr8/avr8-gnu-toolchain/bin/../lib/gcc/avr/5.4.0/avr5\libgcc.a(_copy_data.o)
 .text          0x00000000        0x0 c:/program files (x86)/atmel/studio/7.0/toolchain/avr8/avr8-gnu-toolchain/bin/../lib/gcc/avr/5.4.0/avr5\libgcc.a(_clear_bss.o)
 .data          0x00000000        0x0 c:/program files (x86)/atmel/studio/7.0/toolchain/avr8/avr8-gnu-toolchain/bin/../lib/gcc/avr/5.4.0/avr5\libgcc.a(_clear_bss.o)
 .bss           0x00000000        0x0 c:/program files (x86)/atmel/studio/7.0/toolchain/avr8/avr8-gnu-toolchain/bin/../lib/gcc/avr/5.4.0/avr5\libgcc.a(_clear_bss.o)
 .text.libgcc.mul
                0x00000000        0x0 c:/program files (x86)/atmel/studio/7.0/toolchain/avr8/avr8-gnu-toolchain/bin/../lib/gcc/avr/5.4.0/avr5\libgcc.a(_clear_bss.o)
 .text.libgcc.div
                0x00000000        0x0 c:/program files (x86)/atmel/studio/7.0/toolchain/avr8/avr8-gnu-toolchain/bin/../lib/gcc/avr/5.4.0/avr5\libgcc.a(_clear_bss.o)
 .text.libgcc   0x00000000        0x0 c:/program files (x86)/atmel/studio/7.0/toolchain/avr8/avr8-gnu-toolchain/bin/../lib/gcc/avr/5.4.0/avr5\libgcc.a(_clear_bss.o)
 .text.libgcc.prologue
                0x00000000        0x0 c:/program files (x86)/atmel/studio/7.0/toolchain/avr8/avr8-gnu-toolchain/bin/../lib/gcc/avr/5.4.0/avr5\libgcc.a(_clear_bss.o)
 .text.libgcc.builtins
                0x00000000        0x0 c:/program files (x86)/atmel/studio/7.0/toolchain/avr8/avr8-gnu-toolchain/bin/../lib/gcc/avr/5.4.0/avr5\libgcc.a(_clear_bss.o)
 .text.libgcc.fmul
                0x00000000        0x0 c:/program files (x86)/atmel/studio/7.0/toolchain/avr8/avr8-gnu-toolchain/bin/../lib/gcc/avr/5.4.0/avr5\libgcc.a(_clear_bss.o)
 .text.libgcc.fixed
                0x00000000        0x0 c:/program files (x86)/atmel/studio/7.0/toolchain/avr8/avr8-gnu-toolchain/bin/../lib/gcc/avr/5.4.0/avr5\libgcc.a(_clear_bss.o)
 .text          0x00000000        0x0 c:/program files (x86)/atmel/studio/7.0/toolchain/avr8/avr8-gnu-toolchain/bin/../lib/gcc/avr/5.4.0/avr5\libgcc.a(_udivmodhi4.o)
 .data          0x00000000        0x0 c:/program files (x86)/atmel/studio/7.0/toolchain/avr8/avr8-gnu-toolchain/bin/../lib/gcc/avr/5.4.0/avr5\libgcc.a(_udivmodhi4.o)
 .bss           0x00000000        0x0 c:/program files (x86)/atmel/studio/7.0/toolchain/avr8/avr8-gnu-toolchain/bin/../lib/gcc/avr/5.4.0/avr5\libgcc.a(_udivmodhi4.o)
 .text.libgcc.mul
                0x00000000        0x0 c:/program files (x86)/atmel/studio/7.0/toolchain/avr8/avr8-gnu-toolchain/bin/../lib/gcc/avr/5.4.0/avr5\libgcc.a(_udivmodhi4.o)
 .text.libgcc.div
                0x00000000       0x28 c:/program files (x86)/atmel/studio/7.0/toolchain/avr8/avr8-gnu-toolchain/bin/../lib/gcc/avr/5.4.0/avr5\libgcc.a(_udivmodhi4.o)
 .text.libgcc   0x00000000        0x0 c:/program files (x86)/atmel/studio/7.0/toolchain/avr8/avr8-gnu-toolchain/bin/../lib/gcc/avr/5.4.0/avr5\libgcc.a(_udivmodhi4.o)
 .text.libgcc.prologue
                0x00000000        0x0 c:/program files (x86)/atmel/studio/7.0/toolchain/avr8/avr8-gnu-toolchain/bin/../lib/gcc/avr/5.4.0/avr5\libgcc.a(_udivmodhi4.o)
 .text.libgcc.builtins
                0x00000000        0x0 c:/program files (x86)/atmel/studio/7.0/toolchain/avr8/avr8-gnu-toolchain/bin/../lib/gcc/avr/5.4.0/avr5\libgcc.a(_udivmodhi4.o)
 .text.libgcc.fmul
                0x00000000        0x0 c:/program files (x86)/atmel/studio/7.0/toolchain/avr8/avr8-gnu-toolchain/bin/../lib/gcc/avr/5.4.0/avr5\libgcc.a(_udivmodhi4.o)
 .text.libgcc.fixed
                0x00000000        0x0 c:/program files (x86)/atmel/studio/7.0/toolchain/avr8/avr8-gnu-toolchain/bin/../lib/gcc/avr/5.4.0/avr5\libgcc.a(_udivmodhi4.o)

Memory Configuration

Name             Origin             Length             Attributes
text             0x00000000         0x00008000         xr
data             0x00800060         0x00000800         rw !x
eeprom           0x00810000         0x00000400         rw !x
fuse             0x00820000         0x00000002         rw !x
lock             0x00830000         0x00000400         rw !x
signature        0x00840000         0x00000400         rw !x
user_signatures  0x00850000         0x00000400         rw !x
*default*        0x00000000         0xffffffff

Linker script and memory map

LOAD C:/Program Files (x86)/Atmel/Studio/7.0/Packs/atmel/ATmega_DFP/1.7.374/gcc/dev/atmega32/avr5/crtatmega32.o
LOAD APP/CFGH/HAL_CFG/Keypad_Cfg.o
LOAD APP/CFGH/HAL_CFG/LCD_CFG.o
LOAD APP/CFGH/MCAL_CFG/PORT_LCfg.o
LOAD APP/MAIN/main.o
LOAD HAL/Button/Button_Core.o
LOAD HAL/KeyPad/KeyPad_Core.o
LOAD HAL/LCD/LCD_Core.o
LOAD HAL/LED/LED_Core.o
LOAD HAL/SevenSeg/SevSeg_Core.o
LOAD MCAL/ADC/ADC_Core.o
LOAD MCAL/DIO/DIO_Core.o
LOAD MCAL/GPT/GPT_Core.o
LOAD MCAL/IRQH/IRQH_Core.o
LOAD MCAL/PORT/PORT_Core.o
LOAD MCAL/PWM/PWM_Core.o
START GROUP
LOAD c:/program files (x86)/atmel/studio/7.0/toolchain/avr8/avr8-gnu-toolchain/bin/../lib/gcc/avr/5.4.0/../../../../avr/lib/avr5\libm.a
END GROUP
START GROUP
LOAD c:/program files (x86)/atmel/studio/7.0/toolchain/avr8/avr8-gnu-toolchain/bin/../lib/gcc/avr/5.4.0/avr5\libgcc.a
LOAD c:/program files (x86)/atmel/studio/7.0/toolchain/avr8/avr8-gnu-toolchain/bin/../lib/gcc/avr/5.4.0/../../../../avr/lib/avr5\libm.a
LOAD c:/program files (x86)/atmel/studio/7.0/toolchain/avr8/avr8-gnu-toolchain/bin/../lib/gcc/avr/5.4.0/../../../../avr/lib/avr5\libc.a
LOAD C:/Program Files (x86)/Atmel/Studio/7.0/Packs/atmel/ATmega_DFP/1.7.374/gcc/dev/atmega32/avr5\libatmega32.a
END GROUP
                0x00000000                __TEXT_REGION_ORIGIN__ = DEFINED (__TEXT_REGION_ORIGIN__)?__TEXT_REGION_ORIGIN__:0x0
                [0x00800060]                __DATA_REGION_ORIGIN__ = DEFINED (__DATA_REGION_ORIGIN__)?__DATA_REGION_ORIGIN__:0x800060
                [0x00008000]                __TEXT_REGION_LENGTH__ = DEFINED (__TEXT_REGION_LENGTH__)?__TEXT_REGION_LENGTH__:0x20000
                [0x00000800]                __DATA_REGION_LENGTH__ = DEFINED (__DATA_REGION_LENGTH__)?__DATA_REGION_LENGTH__:0xffa0
                [0x00000400]                __EEPROM_REGION_LENGTH__ = DEFINED (__EEPROM_REGION_LENGTH__)?__EEPROM_REGION_LENGTH__:0x10000
                [0x00000002]                __FUSE_REGION_LENGTH__ = DEFINED (__FUSE_REGION_LENGTH__)?__FUSE_REGION_LENGTH__:0x400
                0x00000400                __LOCK_REGION_LENGTH__ = DEFINED (__LOCK_REGION_LENGTH__)?__LOCK_REGION_LENGTH__:0x400
                0x00000400                __SIGNATURE_REGION_LENGTH__ = DEFINED (__SIGNATURE_REGION_LENGTH__)?__SIGNATURE_REGION_LENGTH__:0x400
                0x00000400                __USER_SIGNATURE_REGION_LENGTH__ = DEFINED (__USER_SIGNATURE_REGION_LENGTH__)?__USER_SIGNATURE_REGION_LENGTH__:0x400

.hash
 *(.hash)

.dynsym
 *(.dynsym)

.dynstr
 *(.dynstr)

.gnu.version
 *(.gnu.version)

.gnu.version_d
 *(.gnu.version_d)

.gnu.version_r
 *(.gnu.version_r)

.rel.init
 *(.rel.init)

.rela.init
 *(.rela.init)

.rel.text
 *(.rel.text)
 *(.rel.text.*)
 *(.rel.gnu.linkonce.t*)

.rela.text
 *(.rela.text)
 *(.rela.text.*)
 *(.rela.gnu.linkonce.t*)

.rel.fini
 *(.rel.fini)

.rela.fini
 *(.rela.fini)

.rel.rodata
 *(.rel.rodata)
 *(.rel.rodata.*)
 *(.rel.gnu.linkonce.r*)

.rela.rodata
 *(.rela.rodata)
 *(.rela.rodata.*)
 *(.rela.gnu.linkonce.r*)

.rel.data
 *(.rel.data)
 *(.rel.data.*)
 *(.rel.gnu.linkonce.d*)

.rela.data
 *(.rela.data)
 *(.rela.data.*)
 *(.rela.gnu.linkonce.d*)

.rel.ctors
 *(.rel.ctors)

.rela.ctors
 *(.rela.ctors)

.rel.dtors
 *(.rel.dtors)

.rela.dtors
 *(.rela.dtors)

.rel.got
 *(.rel.got)

.rela.got
 *(.rela.got)

.rel.bss
 *(.rel.bss)

.rela.bss
 *(.rela.bss)

.rel.plt
 *(.rel.plt)

.rela.plt
 *(.rela.plt)

.text           0x00000000      0x2da
 *(.vectors)
 .vectors       0x00000000       0x54 C:/Program Files (x86)/Atmel/Studio/7.0/Packs/atmel/ATmega_DFP/1.7.374/gcc/dev/atmega32/avr5/crtatmega32.o
                0x00000000                __vector_default
                0x00000000                __vectors
 *(.vectors)
 *(.progmem.gcc*)
                0x00000054                . = ALIGN (0x2)
                0x00000054                __trampolines_start = .
 *(.trampolines)
 .trampolines   0x00000054        0x0 linker stubs
 *(.trampolines*)
                0x00000054                __trampolines_end = .
 *libprintf_flt.a:*(.progmem.data)
 *libc.a:*(.progmem.data)
 *(.progmem*)
                0x00000054                . = ALIGN (0x2)
 *(.jumptables)
 *(.jumptables*)
 *(.lowtext)
 *(.lowtext*)
                0x00000054                __ctors_start = .
 *(.ctors)
                0x00000054                __ctors_end = .
                0x00000054                __dtors_start = .
 *(.dtors)
                0x00000054                __dtors_end = .
 SORT(*)(.ctors)
 SORT(*)(.dtors)
 *(.init0)
 .init0         0x00000054        0x0 C:/Program Files (x86)/Atmel/Studio/7.0/Packs/atmel/ATmega_DFP/1.7.374/gcc/dev/atmega32/avr5/crtatmega32.o
                0x00000054                __init
 *(.init0)
 *(.init1)
 *(.init1)
 *(.init2)
 .init2         0x00000054        0xc C:/Program Files (x86)/Atmel/Studio/7.0/Packs/atmel/ATmega_DFP/1.7.374/gcc/dev/atmega32/avr5/crtatmega32.o
 *(.init2)
 *(.init3)
 *(.init3)
 *(.init4)
 .init4         0x00000060       0x16 c:/program files (x86)/atmel/studio/7.0/toolchain/avr8/avr8-gnu-toolchain/bin/../lib/gcc/avr/5.4.0/avr5\libgcc.a(_copy_data.o)
                0x00000060                __do_copy_data
 .init4         0x00000076       0x10 c:/program files (x86)/atmel/studio/7.0/toolchain/avr8/avr8-gnu-toolchain/bin/../lib/gcc/avr/5.4.0/avr5\libgcc.a(_clear_bss.o)
                0x00000076                __do_clear_bss
 *(.init4)
 *(.init5)
 *(.init5)
 *(.init6)
 *(.init6)
 *(.init7)
 *(.init7)
 *(.init8)
 *(.init8)
 *(.init9)
 .init9         0x00000086        0x8 C:/Program Files (x86)/Atmel/Studio/7.0/Packs/atmel/ATmega_DFP/1.7.374/gcc/dev/atmega32/avr5/crtatmega32.o
 *(.init9)
 *(.text)
 .text          0x0000008e        0x4 C:/Program Files (x86)/Atmel/Studio/7.0/Packs/atmel/ATmega_DFP/1.7.374/gcc/dev/atmega32/avr5/crtatmega32.o
                0x0000008e                __vector_12
                0x0000008e                __bad_interrupt
                0x0000008e                __vector_6
                0x0000008e                __vector_3
                0x0000008e                __vector_13
                0x0000008e                __vector_17
                0x0000008e                __vector_19
                0x0000008e                __vector_7
                0x0000008e                __vector_5
                0x0000008e                __vector_4
                0x0000008e                __vector_9
                0x0000008e                __vector_2
                0x0000008e                __vector_15
                0x0000008e                __vector_8
                0x0000008e                __vector_14
                0x0000008e                __vector_10
                0x0000008e                __vector_18
                0x0000008e                __vector_20
                0x00000092                . = ALIGN (0x2)
 *(.text.*)
 .text.main     0x00000092        0x6 APP/MAIN/main.o
                0x00000092                main
 .text.__vector_1
                0x00000098       0x4e MCAL/IRQH/IRQH_Core.o
                0x00000098                __vector_1
 .text.__vector_16
                0x000000e6       0x66 MCAL/IRQH/IRQH_Core.o
                0x000000e6                __vector_16
 .text.__vector_11
                0x0000014c       0x82 MCAL/IRQH/IRQH_Core.o
                0x0000014c                __vector_11
 .text.PORT_Init
                0x000001ce      0x108 MCAL/PORT/PORT_Core.o
                0x000001ce                PORT_Init
                0x000002d6                . = ALIGN (0x2)
 *(.fini9)
 .fini9         0x000002d6        0x0 c:/program files (x86)/atmel/studio/7.0/toolchain/avr8/avr8-gnu-toolchain/bin/../lib/gcc/avr/5.4.0/avr5\libgcc.a(_exit.o)
                0x000002d6                _exit
                0x000002d6                exit
 *(.fini9)
 *(.fini8)
 *(.fini8)
 *(.fini7)
 *(.fini7)
 *(.fini6)
 *(.fini6)
 *(.fini5)
 *(.fini5)
 *(.fini4)
 *(.fini4)
 *(.fini3)
 *(.fini3)
 *(.fini2)
 *(.fini2)
 *(.fini1)
 *(.fini1)
 *(.fini0)
 .fini0         0x000002d6        0x4 c:/program files (x86)/atmel/studio/7.0/toolchain/avr8/avr8-gnu-toolchain/bin/../lib/gcc/avr/5.4.0/avr5\libgcc.a(_exit.o)
 *(.fini0)
                0x000002da                _etext = .

.data           0x00800060       0x28 load address 0x000002da
                0x00800060                PROVIDE (__data_start, .)
 *(.data)
 *(.data*)
 .data.PORT_Intialization
                0x00800060       0x28 APP/CFGH/MCAL_CFG/PORT_LCfg.o
                0x00800060                PORT_Intialization
 *(.gnu.linkonce.d*)
 *(.rodata)
 *(.rodata*)
 *(.gnu.linkonce.r*)
                0x00800088                . = ALIGN (0x2)
                0x00800088                _edata = .
                0x00800088                PROVIDE (__data_end, .)

.bss            0x00800088        0xf
                0x00800088                PROVIDE (__bss_start, .)
 *(.bss)
 *(.bss*)
 .bss.TIMER0_Init_Value_g
                0x00800088        0x4 MCAL/GPT/GPT_Core.o
                0x00800088                TIMER0_Init_Value_g
 .bss.TIMER0_Number_OVRflows_g
                0x0080008c        0x4 MCAL/GPT/GPT_Core.o
                0x0080008c                TIMER0_Number_OVRflows_g
 .bss.OVF_INT_CNT.1651
                0x00800090        0x1 MCAL/IRQH/IRQH_Core.o
 .bss.ptr       0x00800091        0x2 MCAL/IRQH/IRQH_Core.o
                0x00800091                ptr
 *(COMMON)
 COMMON         0x00800093        0x4 MCAL/ADC/ADC_Core.o
                0x00800093                ADC_Vin_Value_mv
                0x00800097                PROVIDE (__bss_end, .)
                0x000002da                __data_load_start = LOADADDR (.data)
                0x00000302                __data_load_end = (__data_load_start + SIZEOF (.data))

.noinit         0x00800097        0x0
                [!provide]                PROVIDE (__noinit_start, .)
 *(.noinit*)
                [!provide]                PROVIDE (__noinit_end, .)
                0x00800097                _end = .
                [!provide]                PROVIDE (__heap_start, .)

.eeprom         0x00810000        0x0
 *(.eeprom*)
                0x00810000                __eeprom_end = .

.fuse
 *(.fuse)
 *(.lfuse)
 *(.hfuse)
 *(.efuse)

.lock
 *(.lock*)

.signature
 *(.signature*)

.user_signatures
 *(.user_signatures*)

.stab
 *(.stab)

.stabstr
 *(.stabstr)

.stab.excl
 *(.stab.excl)

.stab.exclstr
 *(.stab.exclstr)

.stab.index
 *(.stab.index)

.stab.indexstr
 *(.stab.indexstr)

.comment        0x00000000       0x30
 *(.comment)
 .comment       0x00000000       0x30 APP/CFGH/MCAL_CFG/PORT_LCfg.o
                                 0x31 (size before relaxing)
 .comment       0x00000030       0x31 APP/MAIN/main.o
 .comment       0x00000030       0x31 MCAL/ADC/ADC_Core.o
 .comment       0x00000030       0x31 MCAL/GPT/GPT_Core.o
 .comment       0x00000030       0x31 MCAL/IRQH/IRQH_Core.o
 .comment       0x00000030       0x31 MCAL/PORT/PORT_Core.o

.note.gnu.avr.deviceinfo
                0x00000000       0x3c
 .note.gnu.avr.deviceinfo
                0x00000000       0x3c C:/Program Files (x86)/Atmel/Studio/7.0/Packs/atmel/ATmega_DFP/1.7.374/gcc/dev/atmega32/avr5/crtatmega32.o

.note.gnu.build-id
 *(.note.gnu.build-id)

.debug
 *(.debug)

.line
 *(.line)

.debug_srcinfo
 *(.debug_srcinfo)

.debug_sfnames
 *(.debug_sfnames)

.debug_aranges  0x00000000       0xf0
 *(.debug_aranges)
 .debug_aranges
                0x00000000       0x18 APP/CFGH/MCAL_CFG/PORT_LCfg.o
 .debug_aranges
                0x00000018       0x20 APP/MAIN/main.o
 .debug_aranges
                0x00000038       0x28 MCAL/ADC/ADC_Core.o
 .debug_aranges
                0x00000060       0x28 MCAL/GPT/GPT_Core.o
 .debug_aranges
                0x00000088       0x48 MCAL/IRQH/IRQH_Core.o
 .debug_aranges
                0x000000d0       0x20 MCAL/PORT/PORT_Core.o

.debug_pubnames
 *(.debug_pubnames)

.debug_info     0x00000000      0xafd
 *(.debug_info .gnu.linkonce.wi.*)
 .debug_info    0x00000000      0x4e6 C:/Program Files (x86)/Atmel/Studio/7.0/Packs/atmel/ATmega_DFP/1.7.374/gcc/dev/atmega32/avr5/crtatmega32.o
 .debug_info    0x000004e6       0xba APP/CFGH/MCAL_CFG/PORT_LCfg.o
 .debug_info    0x000005a0       0xb4 APP/MAIN/main.o
 .debug_info    0x00000654       0xd2 MCAL/ADC/ADC_Core.o
 .debug_info    0x00000726       0xff MCAL/GPT/GPT_Core.o
 .debug_info    0x00000825      0x1c0 MCAL/IRQH/IRQH_Core.o
 .debug_info    0x000009e5      0x118 MCAL/PORT/PORT_Core.o

.debug_abbrev   0x00000000      0x869
 *(.debug_abbrev)
 .debug_abbrev  0x00000000      0x4a3 C:/Program Files (x86)/Atmel/Studio/7.0/Packs/atmel/ATmega_DFP/1.7.374/gcc/dev/atmega32/avr5/crtatmega32.o
 .debug_abbrev  0x000004a3       0x76 APP/CFGH/MCAL_CFG/PORT_LCfg.o
 .debug_abbrev  0x00000519       0x68 APP/MAIN/main.o
 .debug_abbrev  0x00000581       0x80 MCAL/ADC/ADC_Core.o
 .debug_abbrev  0x00000601       0x8f MCAL/GPT/GPT_Core.o
 .debug_abbrev  0x00000690      0x125 MCAL/IRQH/IRQH_Core.o
 .debug_abbrev  0x000007b5       0xb4 MCAL/PORT/PORT_Core.o

.debug_line     0x00000000      0x59f
 *(.debug_line .debug_line.* .debug_line_end)
 .debug_line    0x00000000      0x116 C:/Program Files (x86)/Atmel/Studio/7.0/Packs/atmel/ATmega_DFP/1.7.374/gcc/dev/atmega32/avr5/crtatmega32.o
 .debug_line    0x00000116       0x5d APP/CFGH/MCAL_CFG/PORT_LCfg.o
 .debug_line    0x00000173       0x62 APP/MAIN/main.o
 .debug_line    0x000001d5       0xa1 MCAL/ADC/ADC_Core.o
 .debug_line    0x00000276       0x95 MCAL/GPT/GPT_Core.o
 .debug_line    0x0000030b      0x17a MCAL/IRQH/IRQH_Core.o
 .debug_line    0x00000485      0x11a MCAL/PORT/PORT_Core.o

.debug_frame    0x00000000      0x1e8
 *(.debug_frame)
 .debug_frame   0x00000000       0x24 APP/MAIN/main.o
 .debug_frame   0x00000024       0x34 MCAL/ADC/ADC_Core.o
 .debug_frame   0x00000058       0x34 MCAL/GPT/GPT_Core.o
 .debug_frame   0x0000008c      0x138 MCAL/IRQH/IRQH_Core.o
 .debug_frame   0x000001c4       0x24 MCAL/PORT/PORT_Core.o

.debug_str      0x00000000      0x513
 *(.debug_str)
 .debug_str     0x00000000      0x196 C:/Program Files (x86)/Atmel/Studio/7.0/Packs/atmel/ATmega_DFP/1.7.374/gcc/dev/atmega32/avr5/crtatmega32.o
 .debug_str     0x00000196      0x184 APP/CFGH/MCAL_CFG/PORT_LCfg.o
                                0x1ab (size before relaxing)
 .debug_str     0x0000031a       0x47 APP/MAIN/main.o
                                0x1a5 (size before relaxing)
 .debug_str     0x00000361       0x5a MCAL/ADC/ADC_Core.o
                                0x1b1 (size before relaxing)
 .debug_str     0x000003bb       0x91 MCAL/GPT/GPT_Core.o
                                0x1ef (size before relaxing)
 .debug_str     0x0000044c       0xa9 MCAL/IRQH/IRQH_Core.o
                                0x27e (size before relaxing)
 .debug_str     0x000004f5       0x1e MCAL/PORT/PORT_Core.o
                                0x1b2 (size before relaxing)

.debug_loc      0x00000000      0x3b8
 *(.debug_loc)
 .debug_loc     0x00000000      0x267 MCAL/IRQH/IRQH_Core.o
 .debug_loc     0x00000267      0x151 MCAL/PORT/PORT_Core.o

.debug_macinfo
 *(.debug_macinfo)

.debug_weaknames
 *(.debug_weaknames)

.debug_funcnames
 *(.debug_funcnames)

.debug_typenames
 *(.debug_typenames)

.debug_varnames
 *(.debug_varnames)

.debug_pubtypes
 *(.debug_pubtypes)

.debug_ranges   0x00000000       0x88
 *(.debug_ranges)
 .debug_ranges  0x00000000       0x10 APP/MAIN/main.o
 .debug_ranges  0x00000010       0x18 MCAL/ADC/ADC_Core.o
 .debug_ranges  0x00000028       0x18 MCAL/GPT/GPT_Core.o
 .debug_ranges  0x00000040       0x38 MCAL/IRQH/IRQH_Core.o
 .debug_ranges  0x00000078       0x10 MCAL/PORT/PORT_Core.o

.debug_macro
 *(.debug_macro)
OUTPUT(First LED Lab.elf elf32-avr)
LOAD linker stubs
