Archive member included to satisfy reference by file (symbol)

c:/program files (x86)/atmel/studio/7.0/toolchain/avr8/avr8-gnu-toolchain/bin/../lib/gcc/avr/5.4.0/../../../../avr/lib/avr5\libm.a(divsf3.o)
                              APP/MAIN/main.o (__divsf3)
c:/program files (x86)/atmel/studio/7.0/toolchain/avr8/avr8-gnu-toolchain/bin/../lib/gcc/avr/5.4.0/../../../../avr/lib/avr5\libm.a(divsf3x.o)
                              c:/program files (x86)/atmel/studio/7.0/toolchain/avr8/avr8-gnu-toolchain/bin/../lib/gcc/avr/5.4.0/../../../../avr/lib/avr5\libm.a(divsf3.o) (__divsf3x)
c:/program files (x86)/atmel/studio/7.0/toolchain/avr8/avr8-gnu-toolchain/bin/../lib/gcc/avr/5.4.0/../../../../avr/lib/avr5\libm.a(fixsfsi.o)
                              APP/MAIN/main.o (__fixsfsi)
c:/program files (x86)/atmel/studio/7.0/toolchain/avr8/avr8-gnu-toolchain/bin/../lib/gcc/avr/5.4.0/../../../../avr/lib/avr5\libm.a(fixunssfsi.o)
                              APP/MAIN/main.o (__fixunssfsi)
c:/program files (x86)/atmel/studio/7.0/toolchain/avr8/avr8-gnu-toolchain/bin/../lib/gcc/avr/5.4.0/../../../../avr/lib/avr5\libm.a(floatsisf.o)
                              APP/MAIN/main.o (__floatunsisf)
c:/program files (x86)/atmel/studio/7.0/toolchain/avr8/avr8-gnu-toolchain/bin/../lib/gcc/avr/5.4.0/../../../../avr/lib/avr5\libm.a(fp_inf.o)
                              c:/program files (x86)/atmel/studio/7.0/toolchain/avr8/avr8-gnu-toolchain/bin/../lib/gcc/avr/5.4.0/../../../../avr/lib/avr5\libm.a(divsf3x.o) (__fp_inf)
c:/program files (x86)/atmel/studio/7.0/toolchain/avr8/avr8-gnu-toolchain/bin/../lib/gcc/avr/5.4.0/../../../../avr/lib/avr5\libm.a(fp_nan.o)
                              c:/program files (x86)/atmel/studio/7.0/toolchain/avr8/avr8-gnu-toolchain/bin/../lib/gcc/avr/5.4.0/../../../../avr/lib/avr5\libm.a(divsf3x.o) (__fp_nan)
c:/program files (x86)/atmel/studio/7.0/toolchain/avr8/avr8-gnu-toolchain/bin/../lib/gcc/avr/5.4.0/../../../../avr/lib/avr5\libm.a(fp_pscA.o)
                              c:/program files (x86)/atmel/studio/7.0/toolchain/avr8/avr8-gnu-toolchain/bin/../lib/gcc/avr/5.4.0/../../../../avr/lib/avr5\libm.a(divsf3x.o) (__fp_pscA)
c:/program files (x86)/atmel/studio/7.0/toolchain/avr8/avr8-gnu-toolchain/bin/../lib/gcc/avr/5.4.0/../../../../avr/lib/avr5\libm.a(fp_pscB.o)
                              c:/program files (x86)/atmel/studio/7.0/toolchain/avr8/avr8-gnu-toolchain/bin/../lib/gcc/avr/5.4.0/../../../../avr/lib/avr5\libm.a(divsf3x.o) (__fp_pscB)
c:/program files (x86)/atmel/studio/7.0/toolchain/avr8/avr8-gnu-toolchain/bin/../lib/gcc/avr/5.4.0/../../../../avr/lib/avr5\libm.a(fp_round.o)
                              c:/program files (x86)/atmel/studio/7.0/toolchain/avr8/avr8-gnu-toolchain/bin/../lib/gcc/avr/5.4.0/../../../../avr/lib/avr5\libm.a(divsf3.o) (__fp_round)
c:/program files (x86)/atmel/studio/7.0/toolchain/avr8/avr8-gnu-toolchain/bin/../lib/gcc/avr/5.4.0/../../../../avr/lib/avr5\libm.a(fp_split3.o)
                              c:/program files (x86)/atmel/studio/7.0/toolchain/avr8/avr8-gnu-toolchain/bin/../lib/gcc/avr/5.4.0/../../../../avr/lib/avr5\libm.a(divsf3x.o) (__fp_split3)
c:/program files (x86)/atmel/studio/7.0/toolchain/avr8/avr8-gnu-toolchain/bin/../lib/gcc/avr/5.4.0/../../../../avr/lib/avr5\libm.a(fp_zero.o)
                              c:/program files (x86)/atmel/studio/7.0/toolchain/avr8/avr8-gnu-toolchain/bin/../lib/gcc/avr/5.4.0/../../../../avr/lib/avr5\libm.a(fixunssfsi.o) (__fp_zero)
c:/program files (x86)/atmel/studio/7.0/toolchain/avr8/avr8-gnu-toolchain/bin/../lib/gcc/avr/5.4.0/../../../../avr/lib/avr5\libm.a(mulsf3.o)
                              HAL/Ultrasonic/Ultrasonic_Core.o (__mulsf3)
c:/program files (x86)/atmel/studio/7.0/toolchain/avr8/avr8-gnu-toolchain/bin/../lib/gcc/avr/5.4.0/../../../../avr/lib/avr5\libm.a(mulsf3x.o)
                              c:/program files (x86)/atmel/studio/7.0/toolchain/avr8/avr8-gnu-toolchain/bin/../lib/gcc/avr/5.4.0/../../../../avr/lib/avr5\libm.a(mulsf3.o) (__mulsf3x)
c:/program files (x86)/atmel/studio/7.0/toolchain/avr8/avr8-gnu-toolchain/bin/../lib/gcc/avr/5.4.0/../../../../avr/lib/avr5\libm.a(sqrt.o)
                              APP/MAIN/main.o (sqrt)
c:/program files (x86)/atmel/studio/7.0/toolchain/avr8/avr8-gnu-toolchain/bin/../lib/gcc/avr/5.4.0/../../../../avr/lib/avr5\libm.a(fp_mpack.o)
                              c:/program files (x86)/atmel/studio/7.0/toolchain/avr8/avr8-gnu-toolchain/bin/../lib/gcc/avr/5.4.0/../../../../avr/lib/avr5\libm.a(sqrt.o) (__fp_mpack)
c:/program files (x86)/atmel/studio/7.0/toolchain/avr8/avr8-gnu-toolchain/bin/../lib/gcc/avr/5.4.0/../../../../avr/lib/avr5\libm.a(fp_norm2.o)
                              c:/program files (x86)/atmel/studio/7.0/toolchain/avr8/avr8-gnu-toolchain/bin/../lib/gcc/avr/5.4.0/../../../../avr/lib/avr5\libm.a(sqrt.o) (__fp_norm2)
c:/program files (x86)/atmel/studio/7.0/toolchain/avr8/avr8-gnu-toolchain/bin/../lib/gcc/avr/5.4.0/avr5\libgcc.a(_mulsi3.o)
                              APP/MAIN/main.o (__mulsi3)
c:/program files (x86)/atmel/studio/7.0/toolchain/avr8/avr8-gnu-toolchain/bin/../lib/gcc/avr/5.4.0/avr5\libgcc.a(_udivmodsi4.o)
                              APP/MAIN/main.o (__udivmodsi4)
c:/program files (x86)/atmel/studio/7.0/toolchain/avr8/avr8-gnu-toolchain/bin/../lib/gcc/avr/5.4.0/avr5\libgcc.a(_divmodsi4.o)
                              APP/MAIN/main.o (__divmodsi4)
c:/program files (x86)/atmel/studio/7.0/toolchain/avr8/avr8-gnu-toolchain/bin/../lib/gcc/avr/5.4.0/avr5\libgcc.a(_negsi2.o)
                              c:/program files (x86)/atmel/studio/7.0/toolchain/avr8/avr8-gnu-toolchain/bin/../lib/gcc/avr/5.4.0/avr5\libgcc.a(_divmodsi4.o) (__negsi2)
c:/program files (x86)/atmel/studio/7.0/toolchain/avr8/avr8-gnu-toolchain/bin/../lib/gcc/avr/5.4.0/avr5\libgcc.a(_exit.o)
                              C:/Program Files (x86)/Atmel/Studio/7.0/Packs/atmel/ATmega_DFP/1.7.374/gcc/dev/atmega32/avr5/crtatmega32.o (exit)
c:/program files (x86)/atmel/studio/7.0/toolchain/avr8/avr8-gnu-toolchain/bin/../lib/gcc/avr/5.4.0/avr5\libgcc.a(_copy_data.o)
                              APP/CFGH/HAL_CFG/Keypad_Cfg.o (__do_copy_data)
c:/program files (x86)/atmel/studio/7.0/toolchain/avr8/avr8-gnu-toolchain/bin/../lib/gcc/avr/5.4.0/avr5\libgcc.a(_clear_bss.o)
                              MCAL/ADC/ADC_Core.o (__do_clear_bss)
c:/program files (x86)/atmel/studio/7.0/toolchain/avr8/avr8-gnu-toolchain/bin/../lib/gcc/avr/5.4.0/avr5\libgcc.a(_umulhisi3.o)
                              MCAL/PWM/PWM_Core.o (__umulhisi3)
c:/program files (x86)/atmel/studio/7.0/toolchain/avr8/avr8-gnu-toolchain/bin/../lib/gcc/avr/5.4.0/avr5\libgcc.a(_muluhisi3.o)
                              c:/program files (x86)/atmel/studio/7.0/toolchain/avr8/avr8-gnu-toolchain/bin/../lib/gcc/avr/5.4.0/avr5\libgcc.a(_mulsi3.o) (__muluhisi3)

Allocating common symbols
Common symbol       size              file

UART_TRANSMITE_DATA
                    0x7               MCAL/UART/UART_Core.o
ADC_Vin_Value_mv    0x4               MCAL/ADC/ADC_Core.o
UART_RECEIVED_DATA  0x7               MCAL/UART/UART_Core.o
millis_return       0x4               MCAL/IRQH/IRQH_Core.o

Discarded input sections

 .data          0x00000000        0x0 C:/Program Files (x86)/Atmel/Studio/7.0/Packs/atmel/ATmega_DFP/1.7.374/gcc/dev/atmega32/avr5/crtatmega32.o
 .bss           0x00000000        0x0 C:/Program Files (x86)/Atmel/Studio/7.0/Packs/atmel/ATmega_DFP/1.7.374/gcc/dev/atmega32/avr5/crtatmega32.o
 .text          0x00000000        0x0 APP/CFGH/HAL_CFG/Keypad_Cfg.o
 .data          0x00000000        0x0 APP/CFGH/HAL_CFG/Keypad_Cfg.o
 .bss           0x00000000        0x0 APP/CFGH/HAL_CFG/Keypad_Cfg.o
 .rodata.Keypad_Values
                0x00000000       0x10 APP/CFGH/HAL_CFG/Keypad_Cfg.o
 .debug_info    0x00000000       0x9a APP/CFGH/HAL_CFG/Keypad_Cfg.o
 .debug_abbrev  0x00000000       0x52 APP/CFGH/HAL_CFG/Keypad_Cfg.o
 .debug_aranges
                0x00000000       0x18 APP/CFGH/HAL_CFG/Keypad_Cfg.o
 .debug_line    0x00000000       0x4e APP/CFGH/HAL_CFG/Keypad_Cfg.o
 .debug_str     0x00000000      0x18c APP/CFGH/HAL_CFG/Keypad_Cfg.o
 .comment       0x00000000       0x31 APP/CFGH/HAL_CFG/Keypad_Cfg.o
 .text          0x00000000        0x0 APP/CFGH/HAL_CFG/LCD_CFG.o
 .data          0x00000000        0x0 APP/CFGH/HAL_CFG/LCD_CFG.o
 .bss           0x00000000        0x0 APP/CFGH/HAL_CFG/LCD_CFG.o
 .rodata.LCD_CUSTOM_CHARACTERS_g
                0x00000000       0x40 APP/CFGH/HAL_CFG/LCD_CFG.o
 .debug_info    0x00000000       0x9a APP/CFGH/HAL_CFG/LCD_CFG.o
 .debug_abbrev  0x00000000       0x52 APP/CFGH/HAL_CFG/LCD_CFG.o
 .debug_aranges
                0x00000000       0x18 APP/CFGH/HAL_CFG/LCD_CFG.o
 .debug_line    0x00000000       0x4b APP/CFGH/HAL_CFG/LCD_CFG.o
 .debug_str     0x00000000      0x193 APP/CFGH/HAL_CFG/LCD_CFG.o
 .comment       0x00000000       0x31 APP/CFGH/HAL_CFG/LCD_CFG.o
 .text          0x00000000        0x0 APP/CFGH/MCAL_CFG/PORT_LCfg.o
 .data          0x00000000        0x0 APP/CFGH/MCAL_CFG/PORT_LCfg.o
 .bss           0x00000000        0x0 APP/CFGH/MCAL_CFG/PORT_LCfg.o
 .text          0x00000000        0x0 APP/MAIN/main.o
 .data          0x00000000        0x0 APP/MAIN/main.o
 .bss           0x00000000        0x0 APP/MAIN/main.o
 .text.Fun_Safety
                0x00000000       0x5a APP/MAIN/main.o
 .text.Error_Solve_Current
                0x00000000      0x10c APP/MAIN/main.o
 .text          0x00000000        0x0 HAL/Button/Button_Core.o
 .data          0x00000000        0x0 HAL/Button/Button_Core.o
 .bss           0x00000000        0x0 HAL/Button/Button_Core.o
 .text.Button_Init_3
                0x00000000        0x8 HAL/Button/Button_Core.o
 .text.Button_GetValue_3
                0x00000000        0x8 HAL/Button/Button_Core.o
 .text.Button_Init_4
                0x00000000        0x8 HAL/Button/Button_Core.o
 .text.Button_GetValue_4
                0x00000000        0xa HAL/Button/Button_Core.o
 .text          0x00000000        0x0 HAL/Buz/buz.o
 .data          0x00000000        0x0 HAL/Buz/buz.o
 .bss           0x00000000        0x0 HAL/Buz/buz.o
 .text.buz_Toggle
                0x00000000        0xa HAL/Buz/buz.o
 .text          0x00000000        0x0 HAL/DC Motor/DcMotor_Core.o
 .data          0x00000000        0x0 HAL/DC Motor/DcMotor_Core.o
 .bss           0x00000000        0x0 HAL/DC Motor/DcMotor_Core.o
 .text.DcMotor_Init
                0x00000000        0x6 HAL/DC Motor/DcMotor_Core.o
 .text.DcMotor_SetSpeed
                0x00000000        0x6 HAL/DC Motor/DcMotor_Core.o
 .text.DcMotor_SetDirection
                0x00000000       0x2e HAL/DC Motor/DcMotor_Core.o
 .text.DcMotor_Stop
                0x00000000       0x12 HAL/DC Motor/DcMotor_Core.o
 .debug_info    0x00000000      0x1d9 HAL/DC Motor/DcMotor_Core.o
 .debug_abbrev  0x00000000       0xbf HAL/DC Motor/DcMotor_Core.o
 .debug_loc     0x00000000       0x5b HAL/DC Motor/DcMotor_Core.o
 .debug_aranges
                0x00000000       0x38 HAL/DC Motor/DcMotor_Core.o
 .debug_ranges  0x00000000       0x28 HAL/DC Motor/DcMotor_Core.o
 .debug_line    0x00000000       0xfd HAL/DC Motor/DcMotor_Core.o
 .debug_str     0x00000000      0x1f2 HAL/DC Motor/DcMotor_Core.o
 .comment       0x00000000       0x31 HAL/DC Motor/DcMotor_Core.o
 .debug_frame   0x00000000       0x54 HAL/DC Motor/DcMotor_Core.o
 .text          0x00000000        0x0 HAL/EEPROM/EEPROM_core.o
 .data          0x00000000        0x0 HAL/EEPROM/EEPROM_core.o
 .bss           0x00000000        0x0 HAL/EEPROM/EEPROM_core.o
 .text.EEPROM_WriteByte
                0x00000000       0x2e HAL/EEPROM/EEPROM_core.o
 .text.EEPROM_WriteMultipleByte
                0x00000000       0x48 HAL/EEPROM/EEPROM_core.o
 .text.EEPROM_ReadByte
                0x00000000       0x34 HAL/EEPROM/EEPROM_core.o
 .debug_info    0x00000000      0x2b9 HAL/EEPROM/EEPROM_core.o
 .debug_abbrev  0x00000000       0xc1 HAL/EEPROM/EEPROM_core.o
 .debug_loc     0x00000000      0x2ab HAL/EEPROM/EEPROM_core.o
 .debug_aranges
                0x00000000       0x30 HAL/EEPROM/EEPROM_core.o
 .debug_ranges  0x00000000       0x20 HAL/EEPROM/EEPROM_core.o
 .debug_line    0x00000000      0x125 HAL/EEPROM/EEPROM_core.o
 .debug_str     0x00000000      0x268 HAL/EEPROM/EEPROM_core.o
 .comment       0x00000000       0x31 HAL/EEPROM/EEPROM_core.o
 .debug_frame   0x00000000       0x7c HAL/EEPROM/EEPROM_core.o
 .text          0x00000000        0x0 HAL/KeyPad/KeyPad_Core.o
 .data          0x00000000        0x0 HAL/KeyPad/KeyPad_Core.o
 .bss           0x00000000        0x0 HAL/KeyPad/KeyPad_Core.o
 .text.Keypad_Init
                0x00000000       0x22 HAL/KeyPad/KeyPad_Core.o
 .text.Keypad_GetValue
                0x00000000       0x7c HAL/KeyPad/KeyPad_Core.o
 .debug_info    0x00000000      0x295 HAL/KeyPad/KeyPad_Core.o
 .debug_abbrev  0x00000000      0x15e HAL/KeyPad/KeyPad_Core.o
 .debug_loc     0x00000000      0x122 HAL/KeyPad/KeyPad_Core.o
 .debug_aranges
                0x00000000       0x28 HAL/KeyPad/KeyPad_Core.o
 .debug_ranges  0x00000000       0x18 HAL/KeyPad/KeyPad_Core.o
 .debug_line    0x00000000      0x20c HAL/KeyPad/KeyPad_Core.o
 .debug_str     0x00000000      0x26f HAL/KeyPad/KeyPad_Core.o
 .comment       0x00000000       0x31 HAL/KeyPad/KeyPad_Core.o
 .debug_frame   0x00000000       0x44 HAL/KeyPad/KeyPad_Core.o
 .text          0x00000000        0x0 HAL/LCD/LCD_Core.o
 .data          0x00000000        0x0 HAL/LCD/LCD_Core.o
 .bss           0x00000000        0x0 HAL/LCD/LCD_Core.o
 .text.LCD_WriteCustomCharacter
                0x00000000       0x42 HAL/LCD/LCD_Core.o
 .text          0x00000000        0x0 HAL/LED/LED_Core.o
 .data          0x00000000        0x0 HAL/LED/LED_Core.o
 .bss           0x00000000        0x0 HAL/LED/LED_Core.o
 .text.LED_Red_ON
                0x00000000        0x8 HAL/LED/LED_Core.o
 .text.LED_Green_ON
                0x00000000        0x8 HAL/LED/LED_Core.o
 .text.LED_Red_OFF
                0x00000000        0x8 HAL/LED/LED_Core.o
 .text.LED_Green_OFF
                0x00000000        0x8 HAL/LED/LED_Core.o
 .text.LED_Toggle
                0x00000000        0xa HAL/LED/LED_Core.o
 .text          0x00000000        0x0 HAL/Relays/Relay.o
 .data          0x00000000        0x0 HAL/Relays/Relay.o
 .bss           0x00000000        0x0 HAL/Relays/Relay.o
 .text          0x00000000        0x0 HAL/SevenSeg/SevSeg_Core.o
 .data          0x00000000        0x0 HAL/SevenSeg/SevSeg_Core.o
 .bss           0x00000000        0x0 HAL/SevenSeg/SevSeg_Core.o
 .text.SevSeg_Init
                0x00000000       0x12 HAL/SevenSeg/SevSeg_Core.o
 .text.SevSeg_Display
                0x00000000       0x64 HAL/SevenSeg/SevSeg_Core.o
 .rodata.Seven_Segment_Values_g
                0x00000000        0xa HAL/SevenSeg/SevSeg_Core.o
 .debug_info    0x00000000      0x1ad HAL/SevenSeg/SevSeg_Core.o
 .debug_abbrev  0x00000000      0x119 HAL/SevenSeg/SevSeg_Core.o
 .debug_loc     0x00000000       0xad HAL/SevenSeg/SevSeg_Core.o
 .debug_aranges
                0x00000000       0x28 HAL/SevenSeg/SevSeg_Core.o
 .debug_ranges  0x00000000       0x18 HAL/SevenSeg/SevSeg_Core.o
 .debug_line    0x00000000      0x17f HAL/SevenSeg/SevSeg_Core.o
 .debug_str     0x00000000      0x229 HAL/SevenSeg/SevSeg_Core.o
 .comment       0x00000000       0x31 HAL/SevenSeg/SevSeg_Core.o
 .debug_frame   0x00000000       0x34 HAL/SevenSeg/SevSeg_Core.o
 .text          0x00000000        0x0 HAL/Ultrasonic/Ultrasonic_Core.o
 .data          0x00000000        0x0 HAL/Ultrasonic/Ultrasonic_Core.o
 .bss           0x00000000        0x0 HAL/Ultrasonic/Ultrasonic_Core.o
 .text.Ultrasonic_Trigger
                0x00000000       0x1a HAL/Ultrasonic/Ultrasonic_Core.o
 .text.Ultrasonic_CalculateDistance
                0x00000000       0x26 HAL/Ultrasonic/Ultrasonic_Core.o
 .debug_info    0x00000000      0x1c9 HAL/Ultrasonic/Ultrasonic_Core.o
 .debug_abbrev  0x00000000      0x13f HAL/Ultrasonic/Ultrasonic_Core.o
 .debug_loc     0x00000000       0x99 HAL/Ultrasonic/Ultrasonic_Core.o
 .debug_aranges
                0x00000000       0x28 HAL/Ultrasonic/Ultrasonic_Core.o
 .debug_ranges  0x00000000       0x18 HAL/Ultrasonic/Ultrasonic_Core.o
 .debug_line    0x00000000      0x198 HAL/Ultrasonic/Ultrasonic_Core.o
 .debug_str     0x00000000      0x275 HAL/Ultrasonic/Ultrasonic_Core.o
 .comment       0x00000000       0x31 HAL/Ultrasonic/Ultrasonic_Core.o
 .debug_frame   0x00000000       0x34 HAL/Ultrasonic/Ultrasonic_Core.o
 .text          0x00000000        0x0 MCAL/ADC/ADC_Core.o
 .data          0x00000000        0x0 MCAL/ADC/ADC_Core.o
 .bss           0x00000000        0x0 MCAL/ADC/ADC_Core.o
 .text          0x00000000        0x0 MCAL/DIO/DIO_Core.o
 .data          0x00000000        0x0 MCAL/DIO/DIO_Core.o
 .bss           0x00000000        0x0 MCAL/DIO/DIO_Core.o
 .text.DIO_ReadChannel
                0x00000000       0x70 MCAL/DIO/DIO_Core.o
 .text.DIO_FlipChannel
                0x00000000       0x82 MCAL/DIO/DIO_Core.o
 .text.DIO_WritePort
                0x00000000       0x26 MCAL/DIO/DIO_Core.o
 .text.DIO_ReadPort
                0x00000000       0x2a MCAL/DIO/DIO_Core.o
 .text          0x00000000        0x0 MCAL/GPT/GPT_Core.o
 .data          0x00000000        0x0 MCAL/GPT/GPT_Core.o
 .bss           0x00000000        0x0 MCAL/GPT/GPT_Core.o
 .bss.TIMER1_Init_Value_g
                0x00000000        0x4 MCAL/GPT/GPT_Core.o
 .text          0x00000000        0x0 MCAL/I2C/I2C_Core.o
 .data          0x00000000        0x0 MCAL/I2C/I2C_Core.o
 .bss           0x00000000        0x0 MCAL/I2C/I2C_Core.o
 .text.I2C_MasterInit
                0x00000000       0x1e MCAL/I2C/I2C_Core.o
 .text.I2C_StartCndition
                0x00000000       0x1a MCAL/I2C/I2C_Core.o
 .text.I2C_RpeatedStart
                0x00000000       0x1c MCAL/I2C/I2C_Core.o
 .text.I2C_SlaveAddress_WriteOperation
                0x00000000       0x18 MCAL/I2C/I2C_Core.o
 .text.I2C_SlaveAddress_ReadOperation
                0x00000000       0x1e MCAL/I2C/I2C_Core.o
 .text.I2C_WriteByte
                0x00000000       0x16 MCAL/I2C/I2C_Core.o
 .text.I2C_ReadByte
                0x00000000       0x16 MCAL/I2C/I2C_Core.o
 .text.I2C_StopCondition
                0x00000000        0x6 MCAL/I2C/I2C_Core.o
 .debug_info    0x00000000      0x171 MCAL/I2C/I2C_Core.o
 .debug_abbrev  0x00000000       0x9a MCAL/I2C/I2C_Core.o
 .debug_loc     0x00000000       0x8e MCAL/I2C/I2C_Core.o
 .debug_aranges
                0x00000000       0x58 MCAL/I2C/I2C_Core.o
 .debug_ranges  0x00000000       0x48 MCAL/I2C/I2C_Core.o
 .debug_line    0x00000000      0x1d2 MCAL/I2C/I2C_Core.o
 .debug_str     0x00000000      0x213 MCAL/I2C/I2C_Core.o
 .comment       0x00000000       0x31 MCAL/I2C/I2C_Core.o
 .debug_frame   0x00000000       0x94 MCAL/I2C/I2C_Core.o
 .text          0x00000000        0x0 MCAL/ICU/ICU_Core.o
 .data          0x00000000        0x0 MCAL/ICU/ICU_Core.o
 .bss           0x00000000        0x0 MCAL/ICU/ICU_Core.o
 .text.ICU_Init
                0x00000000       0x12 MCAL/ICU/ICU_Core.o
 .text.ICU_CaptureTime
                0x00000000       0xaa MCAL/ICU/ICU_Core.o
 .bss.Calculated_Time.1588
                0x00000000        0x4 MCAL/ICU/ICU_Core.o
 .text          0x00000000        0x0 MCAL/IRQH/IRQH_Core.o
 .data          0x00000000        0x0 MCAL/IRQH/IRQH_Core.o
 .bss           0x00000000        0x0 MCAL/IRQH/IRQH_Core.o
 .text.IRQH_SetExternalInterrupts
                0x00000000       0x14 MCAL/IRQH/IRQH_Core.o
 .text.IRQH_SetCallBack
                0x00000000        0xa MCAL/IRQH/IRQH_Core.o
 .bss.GPT_ptr   0x00000000        0x2 MCAL/IRQH/IRQH_Core.o
 .text          0x00000000        0x0 MCAL/PORT/PORT_Core.o
 .data          0x00000000        0x0 MCAL/PORT/PORT_Core.o
 .bss           0x00000000        0x0 MCAL/PORT/PORT_Core.o
 .text          0x00000000        0x0 MCAL/PWM/PWM_Core.o
 .data          0x00000000        0x0 MCAL/PWM/PWM_Core.o
 .bss           0x00000000        0x0 MCAL/PWM/PWM_Core.o
 .text.PWM_Init
                0x00000000        0x2 MCAL/PWM/PWM_Core.o
 .text.PWM0_Generate
                0x00000000        0x2 MCAL/PWM/PWM_Core.o
 .text.PWM1_Generate
                0x00000000       0x58 MCAL/PWM/PWM_Core.o
 .debug_info    0x00000000       0xeb MCAL/PWM/PWM_Core.o
 .debug_abbrev  0x00000000       0x96 MCAL/PWM/PWM_Core.o
 .debug_loc     0x00000000       0x6f MCAL/PWM/PWM_Core.o
 .debug_aranges
                0x00000000       0x30 MCAL/PWM/PWM_Core.o
 .debug_ranges  0x00000000       0x20 MCAL/PWM/PWM_Core.o
 .debug_line    0x00000000       0x94 MCAL/PWM/PWM_Core.o
 .debug_str     0x00000000      0x1ac MCAL/PWM/PWM_Core.o
 .comment       0x00000000       0x31 MCAL/PWM/PWM_Core.o
 .debug_frame   0x00000000       0x4c MCAL/PWM/PWM_Core.o
 .text          0x00000000        0x0 MCAL/SPI/SPI_Core.o
 .data          0x00000000        0x0 MCAL/SPI/SPI_Core.o
 .bss           0x00000000        0x0 MCAL/SPI/SPI_Core.o
 .debug_info    0x00000000       0x56 MCAL/SPI/SPI_Core.o
 .debug_abbrev  0x00000000       0x1b MCAL/SPI/SPI_Core.o
 .debug_aranges
                0x00000000       0x18 MCAL/SPI/SPI_Core.o
 .debug_line    0x00000000       0x1a MCAL/SPI/SPI_Core.o
 .debug_str     0x00000000      0x165 MCAL/SPI/SPI_Core.o
 .comment       0x00000000       0x31 MCAL/SPI/SPI_Core.o
 .text          0x00000000        0x0 MCAL/UART/UART_Core.o
 .data          0x00000000        0x0 MCAL/UART/UART_Core.o
 .bss           0x00000000        0x0 MCAL/UART/UART_Core.o
 .text.UART_Init
                0x00000000       0x24 MCAL/UART/UART_Core.o
 .text.UART_InitTx
                0x00000000        0xe MCAL/UART/UART_Core.o
 .text.UART_SendData
                0x00000000       0x32 MCAL/UART/UART_Core.o
 .text.UART_RX_Status
                0x00000000       0x12 MCAL/UART/UART_Core.o
 .text          0x00000000        0x0 MCAL/WDT/WDT_Core.o
 .data          0x00000000        0x0 MCAL/WDT/WDT_Core.o
 .bss           0x00000000        0x0 MCAL/WDT/WDT_Core.o
 .text.WDT_ON   0x00000000        0x2 MCAL/WDT/WDT_Core.o
 .text.WDT_OFF  0x00000000        0x2 MCAL/WDT/WDT_Core.o
 .text.WDT_Refresh
                0x00000000        0x2 MCAL/WDT/WDT_Core.o
 .debug_info    0x00000000       0xa4 MCAL/WDT/WDT_Core.o
 .debug_abbrev  0x00000000       0x39 MCAL/WDT/WDT_Core.o
 .debug_aranges
                0x00000000       0x30 MCAL/WDT/WDT_Core.o
 .debug_ranges  0x00000000       0x20 MCAL/WDT/WDT_Core.o
 .debug_line    0x00000000       0x64 MCAL/WDT/WDT_Core.o
 .debug_str     0x00000000      0x180 MCAL/WDT/WDT_Core.o
 .comment       0x00000000       0x31 MCAL/WDT/WDT_Core.o
 .debug_frame   0x00000000       0x44 MCAL/WDT/WDT_Core.o
 .text          0x00000000        0x0 c:/program files (x86)/atmel/studio/7.0/toolchain/avr8/avr8-gnu-toolchain/bin/../lib/gcc/avr/5.4.0/../../../../avr/lib/avr5\libm.a(divsf3.o)
 .data          0x00000000        0x0 c:/program files (x86)/atmel/studio/7.0/toolchain/avr8/avr8-gnu-toolchain/bin/../lib/gcc/avr/5.4.0/../../../../avr/lib/avr5\libm.a(divsf3.o)
 .bss           0x00000000        0x0 c:/program files (x86)/atmel/studio/7.0/toolchain/avr8/avr8-gnu-toolchain/bin/../lib/gcc/avr/5.4.0/../../../../avr/lib/avr5\libm.a(divsf3.o)
 .text          0x00000000        0x0 c:/program files (x86)/atmel/studio/7.0/toolchain/avr8/avr8-gnu-toolchain/bin/../lib/gcc/avr/5.4.0/../../../../avr/lib/avr5\libm.a(divsf3x.o)
 .data          0x00000000        0x0 c:/program files (x86)/atmel/studio/7.0/toolchain/avr8/avr8-gnu-toolchain/bin/../lib/gcc/avr/5.4.0/../../../../avr/lib/avr5\libm.a(divsf3x.o)
 .bss           0x00000000        0x0 c:/program files (x86)/atmel/studio/7.0/toolchain/avr8/avr8-gnu-toolchain/bin/../lib/gcc/avr/5.4.0/../../../../avr/lib/avr5\libm.a(divsf3x.o)
 .text          0x00000000        0x0 c:/program files (x86)/atmel/studio/7.0/toolchain/avr8/avr8-gnu-toolchain/bin/../lib/gcc/avr/5.4.0/../../../../avr/lib/avr5\libm.a(fixsfsi.o)
 .data          0x00000000        0x0 c:/program files (x86)/atmel/studio/7.0/toolchain/avr8/avr8-gnu-toolchain/bin/../lib/gcc/avr/5.4.0/../../../../avr/lib/avr5\libm.a(fixsfsi.o)
 .bss           0x00000000        0x0 c:/program files (x86)/atmel/studio/7.0/toolchain/avr8/avr8-gnu-toolchain/bin/../lib/gcc/avr/5.4.0/../../../../avr/lib/avr5\libm.a(fixsfsi.o)
 .text          0x00000000        0x0 c:/program files (x86)/atmel/studio/7.0/toolchain/avr8/avr8-gnu-toolchain/bin/../lib/gcc/avr/5.4.0/../../../../avr/lib/avr5\libm.a(fixunssfsi.o)
 .data          0x00000000        0x0 c:/program files (x86)/atmel/studio/7.0/toolchain/avr8/avr8-gnu-toolchain/bin/../lib/gcc/avr/5.4.0/../../../../avr/lib/avr5\libm.a(fixunssfsi.o)
 .bss           0x00000000        0x0 c:/program files (x86)/atmel/studio/7.0/toolchain/avr8/avr8-gnu-toolchain/bin/../lib/gcc/avr/5.4.0/../../../../avr/lib/avr5\libm.a(fixunssfsi.o)
 .text          0x00000000        0x0 c:/program files (x86)/atmel/studio/7.0/toolchain/avr8/avr8-gnu-toolchain/bin/../lib/gcc/avr/5.4.0/../../../../avr/lib/avr5\libm.a(floatsisf.o)
 .data          0x00000000        0x0 c:/program files (x86)/atmel/studio/7.0/toolchain/avr8/avr8-gnu-toolchain/bin/../lib/gcc/avr/5.4.0/../../../../avr/lib/avr5\libm.a(floatsisf.o)
 .bss           0x00000000        0x0 c:/program files (x86)/atmel/studio/7.0/toolchain/avr8/avr8-gnu-toolchain/bin/../lib/gcc/avr/5.4.0/../../../../avr/lib/avr5\libm.a(floatsisf.o)
 .text          0x00000000        0x0 c:/program files (x86)/atmel/studio/7.0/toolchain/avr8/avr8-gnu-toolchain/bin/../lib/gcc/avr/5.4.0/../../../../avr/lib/avr5\libm.a(fp_inf.o)
 .data          0x00000000        0x0 c:/program files (x86)/atmel/studio/7.0/toolchain/avr8/avr8-gnu-toolchain/bin/../lib/gcc/avr/5.4.0/../../../../avr/lib/avr5\libm.a(fp_inf.o)
 .bss           0x00000000        0x0 c:/program files (x86)/atmel/studio/7.0/toolchain/avr8/avr8-gnu-toolchain/bin/../lib/gcc/avr/5.4.0/../../../../avr/lib/avr5\libm.a(fp_inf.o)
 .text          0x00000000        0x0 c:/program files (x86)/atmel/studio/7.0/toolchain/avr8/avr8-gnu-toolchain/bin/../lib/gcc/avr/5.4.0/../../../../avr/lib/avr5\libm.a(fp_nan.o)
 .data          0x00000000        0x0 c:/program files (x86)/atmel/studio/7.0/toolchain/avr8/avr8-gnu-toolchain/bin/../lib/gcc/avr/5.4.0/../../../../avr/lib/avr5\libm.a(fp_nan.o)
 .bss           0x00000000        0x0 c:/program files (x86)/atmel/studio/7.0/toolchain/avr8/avr8-gnu-toolchain/bin/../lib/gcc/avr/5.4.0/../../../../avr/lib/avr5\libm.a(fp_nan.o)
 .text          0x00000000        0x0 c:/program files (x86)/atmel/studio/7.0/toolchain/avr8/avr8-gnu-toolchain/bin/../lib/gcc/avr/5.4.0/../../../../avr/lib/avr5\libm.a(fp_pscA.o)
 .data          0x00000000        0x0 c:/program files (x86)/atmel/studio/7.0/toolchain/avr8/avr8-gnu-toolchain/bin/../lib/gcc/avr/5.4.0/../../../../avr/lib/avr5\libm.a(fp_pscA.o)
 .bss           0x00000000        0x0 c:/program files (x86)/atmel/studio/7.0/toolchain/avr8/avr8-gnu-toolchain/bin/../lib/gcc/avr/5.4.0/../../../../avr/lib/avr5\libm.a(fp_pscA.o)
 .text          0x00000000        0x0 c:/program files (x86)/atmel/studio/7.0/toolchain/avr8/avr8-gnu-toolchain/bin/../lib/gcc/avr/5.4.0/../../../../avr/lib/avr5\libm.a(fp_pscB.o)
 .data          0x00000000        0x0 c:/program files (x86)/atmel/studio/7.0/toolchain/avr8/avr8-gnu-toolchain/bin/../lib/gcc/avr/5.4.0/../../../../avr/lib/avr5\libm.a(fp_pscB.o)
 .bss           0x00000000        0x0 c:/program files (x86)/atmel/studio/7.0/toolchain/avr8/avr8-gnu-toolchain/bin/../lib/gcc/avr/5.4.0/../../../../avr/lib/avr5\libm.a(fp_pscB.o)
 .text          0x00000000        0x0 c:/program files (x86)/atmel/studio/7.0/toolchain/avr8/avr8-gnu-toolchain/bin/../lib/gcc/avr/5.4.0/../../../../avr/lib/avr5\libm.a(fp_round.o)
 .data          0x00000000        0x0 c:/program files (x86)/atmel/studio/7.0/toolchain/avr8/avr8-gnu-toolchain/bin/../lib/gcc/avr/5.4.0/../../../../avr/lib/avr5\libm.a(fp_round.o)
 .bss           0x00000000        0x0 c:/program files (x86)/atmel/studio/7.0/toolchain/avr8/avr8-gnu-toolchain/bin/../lib/gcc/avr/5.4.0/../../../../avr/lib/avr5\libm.a(fp_round.o)
 .text          0x00000000        0x0 c:/program files (x86)/atmel/studio/7.0/toolchain/avr8/avr8-gnu-toolchain/bin/../lib/gcc/avr/5.4.0/../../../../avr/lib/avr5\libm.a(fp_split3.o)
 .data          0x00000000        0x0 c:/program files (x86)/atmel/studio/7.0/toolchain/avr8/avr8-gnu-toolchain/bin/../lib/gcc/avr/5.4.0/../../../../avr/lib/avr5\libm.a(fp_split3.o)
 .bss           0x00000000        0x0 c:/program files (x86)/atmel/studio/7.0/toolchain/avr8/avr8-gnu-toolchain/bin/../lib/gcc/avr/5.4.0/../../../../avr/lib/avr5\libm.a(fp_split3.o)
 .text          0x00000000        0x0 c:/program files (x86)/atmel/studio/7.0/toolchain/avr8/avr8-gnu-toolchain/bin/../lib/gcc/avr/5.4.0/../../../../avr/lib/avr5\libm.a(fp_zero.o)
 .data          0x00000000        0x0 c:/program files (x86)/atmel/studio/7.0/toolchain/avr8/avr8-gnu-toolchain/bin/../lib/gcc/avr/5.4.0/../../../../avr/lib/avr5\libm.a(fp_zero.o)
 .bss           0x00000000        0x0 c:/program files (x86)/atmel/studio/7.0/toolchain/avr8/avr8-gnu-toolchain/bin/../lib/gcc/avr/5.4.0/../../../../avr/lib/avr5\libm.a(fp_zero.o)
 .text          0x00000000        0x0 c:/program files (x86)/atmel/studio/7.0/toolchain/avr8/avr8-gnu-toolchain/bin/../lib/gcc/avr/5.4.0/../../../../avr/lib/avr5\libm.a(mulsf3.o)
 .data          0x00000000        0x0 c:/program files (x86)/atmel/studio/7.0/toolchain/avr8/avr8-gnu-toolchain/bin/../lib/gcc/avr/5.4.0/../../../../avr/lib/avr5\libm.a(mulsf3.o)
 .bss           0x00000000        0x0 c:/program files (x86)/atmel/studio/7.0/toolchain/avr8/avr8-gnu-toolchain/bin/../lib/gcc/avr/5.4.0/../../../../avr/lib/avr5\libm.a(mulsf3.o)
 .text.avr-libc.fplib
                0x00000000        0x8 c:/program files (x86)/atmel/studio/7.0/toolchain/avr8/avr8-gnu-toolchain/bin/../lib/gcc/avr/5.4.0/../../../../avr/lib/avr5\libm.a(mulsf3.o)
 .text          0x00000000        0x0 c:/program files (x86)/atmel/studio/7.0/toolchain/avr8/avr8-gnu-toolchain/bin/../lib/gcc/avr/5.4.0/../../../../avr/lib/avr5\libm.a(mulsf3x.o)
 .data          0x00000000        0x0 c:/program files (x86)/atmel/studio/7.0/toolchain/avr8/avr8-gnu-toolchain/bin/../lib/gcc/avr/5.4.0/../../../../avr/lib/avr5\libm.a(mulsf3x.o)
 .bss           0x00000000        0x0 c:/program files (x86)/atmel/studio/7.0/toolchain/avr8/avr8-gnu-toolchain/bin/../lib/gcc/avr/5.4.0/../../../../avr/lib/avr5\libm.a(mulsf3x.o)
 .text.avr-libc.fplib
                0x00000000       0xd2 c:/program files (x86)/atmel/studio/7.0/toolchain/avr8/avr8-gnu-toolchain/bin/../lib/gcc/avr/5.4.0/../../../../avr/lib/avr5\libm.a(mulsf3x.o)
 .text          0x00000000        0x0 c:/program files (x86)/atmel/studio/7.0/toolchain/avr8/avr8-gnu-toolchain/bin/../lib/gcc/avr/5.4.0/../../../../avr/lib/avr5\libm.a(sqrt.o)
 .data          0x00000000        0x0 c:/program files (x86)/atmel/studio/7.0/toolchain/avr8/avr8-gnu-toolchain/bin/../lib/gcc/avr/5.4.0/../../../../avr/lib/avr5\libm.a(sqrt.o)
 .bss           0x00000000        0x0 c:/program files (x86)/atmel/studio/7.0/toolchain/avr8/avr8-gnu-toolchain/bin/../lib/gcc/avr/5.4.0/../../../../avr/lib/avr5\libm.a(sqrt.o)
 .text          0x00000000        0x0 c:/program files (x86)/atmel/studio/7.0/toolchain/avr8/avr8-gnu-toolchain/bin/../lib/gcc/avr/5.4.0/../../../../avr/lib/avr5\libm.a(fp_mpack.o)
 .data          0x00000000        0x0 c:/program files (x86)/atmel/studio/7.0/toolchain/avr8/avr8-gnu-toolchain/bin/../lib/gcc/avr/5.4.0/../../../../avr/lib/avr5\libm.a(fp_mpack.o)
 .bss           0x00000000        0x0 c:/program files (x86)/atmel/studio/7.0/toolchain/avr8/avr8-gnu-toolchain/bin/../lib/gcc/avr/5.4.0/../../../../avr/lib/avr5\libm.a(fp_mpack.o)
 .text          0x00000000        0x0 c:/program files (x86)/atmel/studio/7.0/toolchain/avr8/avr8-gnu-toolchain/bin/../lib/gcc/avr/5.4.0/../../../../avr/lib/avr5\libm.a(fp_norm2.o)
 .data          0x00000000        0x0 c:/program files (x86)/atmel/studio/7.0/toolchain/avr8/avr8-gnu-toolchain/bin/../lib/gcc/avr/5.4.0/../../../../avr/lib/avr5\libm.a(fp_norm2.o)
 .bss           0x00000000        0x0 c:/program files (x86)/atmel/studio/7.0/toolchain/avr8/avr8-gnu-toolchain/bin/../lib/gcc/avr/5.4.0/../../../../avr/lib/avr5\libm.a(fp_norm2.o)
 .text          0x00000000        0x0 c:/program files (x86)/atmel/studio/7.0/toolchain/avr8/avr8-gnu-toolchain/bin/../lib/gcc/avr/5.4.0/avr5\libgcc.a(_mulsi3.o)
 .data          0x00000000        0x0 c:/program files (x86)/atmel/studio/7.0/toolchain/avr8/avr8-gnu-toolchain/bin/../lib/gcc/avr/5.4.0/avr5\libgcc.a(_mulsi3.o)
 .bss           0x00000000        0x0 c:/program files (x86)/atmel/studio/7.0/toolchain/avr8/avr8-gnu-toolchain/bin/../lib/gcc/avr/5.4.0/avr5\libgcc.a(_mulsi3.o)
 .text.libgcc.div
                0x00000000        0x0 c:/program files (x86)/atmel/studio/7.0/toolchain/avr8/avr8-gnu-toolchain/bin/../lib/gcc/avr/5.4.0/avr5\libgcc.a(_mulsi3.o)
 .text.libgcc   0x00000000        0x0 c:/program files (x86)/atmel/studio/7.0/toolchain/avr8/avr8-gnu-toolchain/bin/../lib/gcc/avr/5.4.0/avr5\libgcc.a(_mulsi3.o)
 .text.libgcc.prologue
                0x00000000        0x0 c:/program files (x86)/atmel/studio/7.0/toolchain/avr8/avr8-gnu-toolchain/bin/../lib/gcc/avr/5.4.0/avr5\libgcc.a(_mulsi3.o)
 .text.libgcc.builtins
                0x00000000        0x0 c:/program files (x86)/atmel/studio/7.0/toolchain/avr8/avr8-gnu-toolchain/bin/../lib/gcc/avr/5.4.0/avr5\libgcc.a(_mulsi3.o)
 .text.libgcc.fmul
                0x00000000        0x0 c:/program files (x86)/atmel/studio/7.0/toolchain/avr8/avr8-gnu-toolchain/bin/../lib/gcc/avr/5.4.0/avr5\libgcc.a(_mulsi3.o)
 .text.libgcc.fixed
                0x00000000        0x0 c:/program files (x86)/atmel/studio/7.0/toolchain/avr8/avr8-gnu-toolchain/bin/../lib/gcc/avr/5.4.0/avr5\libgcc.a(_mulsi3.o)
 .text          0x00000000        0x0 c:/program files (x86)/atmel/studio/7.0/toolchain/avr8/avr8-gnu-toolchain/bin/../lib/gcc/avr/5.4.0/avr5\libgcc.a(_udivmodsi4.o)
 .data          0x00000000        0x0 c:/program files (x86)/atmel/studio/7.0/toolchain/avr8/avr8-gnu-toolchain/bin/../lib/gcc/avr/5.4.0/avr5\libgcc.a(_udivmodsi4.o)
 .bss           0x00000000        0x0 c:/program files (x86)/atmel/studio/7.0/toolchain/avr8/avr8-gnu-toolchain/bin/../lib/gcc/avr/5.4.0/avr5\libgcc.a(_udivmodsi4.o)
 .text.libgcc.mul
                0x00000000        0x0 c:/program files (x86)/atmel/studio/7.0/toolchain/avr8/avr8-gnu-toolchain/bin/../lib/gcc/avr/5.4.0/avr5\libgcc.a(_udivmodsi4.o)
 .text.libgcc   0x00000000        0x0 c:/program files (x86)/atmel/studio/7.0/toolchain/avr8/avr8-gnu-toolchain/bin/../lib/gcc/avr/5.4.0/avr5\libgcc.a(_udivmodsi4.o)
 .text.libgcc.prologue
                0x00000000        0x0 c:/program files (x86)/atmel/studio/7.0/toolchain/avr8/avr8-gnu-toolchain/bin/../lib/gcc/avr/5.4.0/avr5\libgcc.a(_udivmodsi4.o)
 .text.libgcc.builtins
                0x00000000        0x0 c:/program files (x86)/atmel/studio/7.0/toolchain/avr8/avr8-gnu-toolchain/bin/../lib/gcc/avr/5.4.0/avr5\libgcc.a(_udivmodsi4.o)
 .text.libgcc.fmul
                0x00000000        0x0 c:/program files (x86)/atmel/studio/7.0/toolchain/avr8/avr8-gnu-toolchain/bin/../lib/gcc/avr/5.4.0/avr5\libgcc.a(_udivmodsi4.o)
 .text.libgcc.fixed
                0x00000000        0x0 c:/program files (x86)/atmel/studio/7.0/toolchain/avr8/avr8-gnu-toolchain/bin/../lib/gcc/avr/5.4.0/avr5\libgcc.a(_udivmodsi4.o)
 .text          0x00000000        0x0 c:/program files (x86)/atmel/studio/7.0/toolchain/avr8/avr8-gnu-toolchain/bin/../lib/gcc/avr/5.4.0/avr5\libgcc.a(_divmodsi4.o)
 .data          0x00000000        0x0 c:/program files (x86)/atmel/studio/7.0/toolchain/avr8/avr8-gnu-toolchain/bin/../lib/gcc/avr/5.4.0/avr5\libgcc.a(_divmodsi4.o)
 .bss           0x00000000        0x0 c:/program files (x86)/atmel/studio/7.0/toolchain/avr8/avr8-gnu-toolchain/bin/../lib/gcc/avr/5.4.0/avr5\libgcc.a(_divmodsi4.o)
 .text.libgcc.mul
                0x00000000        0x0 c:/program files (x86)/atmel/studio/7.0/toolchain/avr8/avr8-gnu-toolchain/bin/../lib/gcc/avr/5.4.0/avr5\libgcc.a(_divmodsi4.o)
 .text.libgcc   0x00000000        0x0 c:/program files (x86)/atmel/studio/7.0/toolchain/avr8/avr8-gnu-toolchain/bin/../lib/gcc/avr/5.4.0/avr5\libgcc.a(_divmodsi4.o)
 .text.libgcc.prologue
                0x00000000        0x0 c:/program files (x86)/atmel/studio/7.0/toolchain/avr8/avr8-gnu-toolchain/bin/../lib/gcc/avr/5.4.0/avr5\libgcc.a(_divmodsi4.o)
 .text.libgcc.builtins
                0x00000000        0x0 c:/program files (x86)/atmel/studio/7.0/toolchain/avr8/avr8-gnu-toolchain/bin/../lib/gcc/avr/5.4.0/avr5\libgcc.a(_divmodsi4.o)
 .text.libgcc.fmul
                0x00000000        0x0 c:/program files (x86)/atmel/studio/7.0/toolchain/avr8/avr8-gnu-toolchain/bin/../lib/gcc/avr/5.4.0/avr5\libgcc.a(_divmodsi4.o)
 .text.libgcc.fixed
                0x00000000        0x0 c:/program files (x86)/atmel/studio/7.0/toolchain/avr8/avr8-gnu-toolchain/bin/../lib/gcc/avr/5.4.0/avr5\libgcc.a(_divmodsi4.o)
 .text          0x00000000        0x0 c:/program files (x86)/atmel/studio/7.0/toolchain/avr8/avr8-gnu-toolchain/bin/../lib/gcc/avr/5.4.0/avr5\libgcc.a(_negsi2.o)
 .data          0x00000000        0x0 c:/program files (x86)/atmel/studio/7.0/toolchain/avr8/avr8-gnu-toolchain/bin/../lib/gcc/avr/5.4.0/avr5\libgcc.a(_negsi2.o)
 .bss           0x00000000        0x0 c:/program files (x86)/atmel/studio/7.0/toolchain/avr8/avr8-gnu-toolchain/bin/../lib/gcc/avr/5.4.0/avr5\libgcc.a(_negsi2.o)
 .text.libgcc.mul
                0x00000000        0x0 c:/program files (x86)/atmel/studio/7.0/toolchain/avr8/avr8-gnu-toolchain/bin/../lib/gcc/avr/5.4.0/avr5\libgcc.a(_negsi2.o)
 .text.libgcc   0x00000000        0x0 c:/program files (x86)/atmel/studio/7.0/toolchain/avr8/avr8-gnu-toolchain/bin/../lib/gcc/avr/5.4.0/avr5\libgcc.a(_negsi2.o)
 .text.libgcc.prologue
                0x00000000        0x0 c:/program files (x86)/atmel/studio/7.0/toolchain/avr8/avr8-gnu-toolchain/bin/../lib/gcc/avr/5.4.0/avr5\libgcc.a(_negsi2.o)
 .text.libgcc.builtins
                0x00000000        0x0 c:/program files (x86)/atmel/studio/7.0/toolchain/avr8/avr8-gnu-toolchain/bin/../lib/gcc/avr/5.4.0/avr5\libgcc.a(_negsi2.o)
 .text.libgcc.fmul
                0x00000000        0x0 c:/program files (x86)/atmel/studio/7.0/toolchain/avr8/avr8-gnu-toolchain/bin/../lib/gcc/avr/5.4.0/avr5\libgcc.a(_negsi2.o)
 .text.libgcc.fixed
                0x00000000        0x0 c:/program files (x86)/atmel/studio/7.0/toolchain/avr8/avr8-gnu-toolchain/bin/../lib/gcc/avr/5.4.0/avr5\libgcc.a(_negsi2.o)
 .text          0x00000000        0x0 c:/program files (x86)/atmel/studio/7.0/toolchain/avr8/avr8-gnu-toolchain/bin/../lib/gcc/avr/5.4.0/avr5\libgcc.a(_exit.o)
 .data          0x00000000        0x0 c:/program files (x86)/atmel/studio/7.0/toolchain/avr8/avr8-gnu-toolchain/bin/../lib/gcc/avr/5.4.0/avr5\libgcc.a(_exit.o)
 .bss           0x00000000        0x0 c:/program files (x86)/atmel/studio/7.0/toolchain/avr8/avr8-gnu-toolchain/bin/../lib/gcc/avr/5.4.0/avr5\libgcc.a(_exit.o)
 .text.libgcc.mul
                0x00000000        0x0 c:/program files (x86)/atmel/studio/7.0/toolchain/avr8/avr8-gnu-toolchain/bin/../lib/gcc/avr/5.4.0/avr5\libgcc.a(_exit.o)
 .text.libgcc.div
                0x00000000        0x0 c:/program files (x86)/atmel/studio/7.0/toolchain/avr8/avr8-gnu-toolchain/bin/../lib/gcc/avr/5.4.0/avr5\libgcc.a(_exit.o)
 .text.libgcc   0x00000000        0x0 c:/program files (x86)/atmel/studio/7.0/toolchain/avr8/avr8-gnu-toolchain/bin/../lib/gcc/avr/5.4.0/avr5\libgcc.a(_exit.o)
 .text.libgcc.prologue
                0x00000000        0x0 c:/program files (x86)/atmel/studio/7.0/toolchain/avr8/avr8-gnu-toolchain/bin/../lib/gcc/avr/5.4.0/avr5\libgcc.a(_exit.o)
 .text.libgcc.builtins
                0x00000000        0x0 c:/program files (x86)/atmel/studio/7.0/toolchain/avr8/avr8-gnu-toolchain/bin/../lib/gcc/avr/5.4.0/avr5\libgcc.a(_exit.o)
 .text.libgcc.fmul
                0x00000000        0x0 c:/program files (x86)/atmel/studio/7.0/toolchain/avr8/avr8-gnu-toolchain/bin/../lib/gcc/avr/5.4.0/avr5\libgcc.a(_exit.o)
 .text.libgcc.fixed
                0x00000000        0x0 c:/program files (x86)/atmel/studio/7.0/toolchain/avr8/avr8-gnu-toolchain/bin/../lib/gcc/avr/5.4.0/avr5\libgcc.a(_exit.o)
 .text          0x00000000        0x0 c:/program files (x86)/atmel/studio/7.0/toolchain/avr8/avr8-gnu-toolchain/bin/../lib/gcc/avr/5.4.0/avr5\libgcc.a(_copy_data.o)
 .data          0x00000000        0x0 c:/program files (x86)/atmel/studio/7.0/toolchain/avr8/avr8-gnu-toolchain/bin/../lib/gcc/avr/5.4.0/avr5\libgcc.a(_copy_data.o)
 .bss           0x00000000        0x0 c:/program files (x86)/atmel/studio/7.0/toolchain/avr8/avr8-gnu-toolchain/bin/../lib/gcc/avr/5.4.0/avr5\libgcc.a(_copy_data.o)
 .text.libgcc.mul
                0x00000000        0x0 c:/program files (x86)/atmel/studio/7.0/toolchain/avr8/avr8-gnu-toolchain/bin/../lib/gcc/avr/5.4.0/avr5\libgcc.a(_copy_data.o)
 .text.libgcc.div
                0x00000000        0x0 c:/program files (x86)/atmel/studio/7.0/toolchain/avr8/avr8-gnu-toolchain/bin/../lib/gcc/avr/5.4.0/avr5\libgcc.a(_copy_data.o)
 .text.libgcc   0x00000000        0x0 c:/program files (x86)/atmel/studio/7.0/toolchain/avr8/avr8-gnu-toolchain/bin/../lib/gcc/avr/5.4.0/avr5\libgcc.a(_copy_data.o)
 .text.libgcc.prologue
                0x00000000        0x0 c:/program files (x86)/atmel/studio/7.0/toolchain/avr8/avr8-gnu-toolchain/bin/../lib/gcc/avr/5.4.0/avr5\libgcc.a(_copy_data.o)
 .text.libgcc.builtins
                0x00000000        0x0 c:/program files (x86)/atmel/studio/7.0/toolchain/avr8/avr8-gnu-toolchain/bin/../lib/gcc/avr/5.4.0/avr5\libgcc.a(_copy_data.o)
 .text.libgcc.fmul
                0x00000000        0x0 c:/program files (x86)/atmel/studio/7.0/toolchain/avr8/avr8-gnu-toolchain/bin/../lib/gcc/avr/5.4.0/avr5\libgcc.a(_copy_data.o)
 .text.libgcc.fixed
                0x00000000        0x0 c:/program files (x86)/atmel/studio/7.0/toolchain/avr8/avr8-gnu-toolchain/bin/../lib/gcc/avr/5.4.0/avr5\libgcc.a(_copy_data.o)
 .text          0x00000000        0x0 c:/program files (x86)/atmel/studio/7.0/toolchain/avr8/avr8-gnu-toolchain/bin/../lib/gcc/avr/5.4.0/avr5\libgcc.a(_clear_bss.o)
 .data          0x00000000        0x0 c:/program files (x86)/atmel/studio/7.0/toolchain/avr8/avr8-gnu-toolchain/bin/../lib/gcc/avr/5.4.0/avr5\libgcc.a(_clear_bss.o)
 .bss           0x00000000        0x0 c:/program files (x86)/atmel/studio/7.0/toolchain/avr8/avr8-gnu-toolchain/bin/../lib/gcc/avr/5.4.0/avr5\libgcc.a(_clear_bss.o)
 .text.libgcc.mul
                0x00000000        0x0 c:/program files (x86)/atmel/studio/7.0/toolchain/avr8/avr8-gnu-toolchain/bin/../lib/gcc/avr/5.4.0/avr5\libgcc.a(_clear_bss.o)
 .text.libgcc.div
                0x00000000        0x0 c:/program files (x86)/atmel/studio/7.0/toolchain/avr8/avr8-gnu-toolchain/bin/../lib/gcc/avr/5.4.0/avr5\libgcc.a(_clear_bss.o)
 .text.libgcc   0x00000000        0x0 c:/program files (x86)/atmel/studio/7.0/toolchain/avr8/avr8-gnu-toolchain/bin/../lib/gcc/avr/5.4.0/avr5\libgcc.a(_clear_bss.o)
 .text.libgcc.prologue
                0x00000000        0x0 c:/program files (x86)/atmel/studio/7.0/toolchain/avr8/avr8-gnu-toolchain/bin/../lib/gcc/avr/5.4.0/avr5\libgcc.a(_clear_bss.o)
 .text.libgcc.builtins
                0x00000000        0x0 c:/program files (x86)/atmel/studio/7.0/toolchain/avr8/avr8-gnu-toolchain/bin/../lib/gcc/avr/5.4.0/avr5\libgcc.a(_clear_bss.o)
 .text.libgcc.fmul
                0x00000000        0x0 c:/program files (x86)/atmel/studio/7.0/toolchain/avr8/avr8-gnu-toolchain/bin/../lib/gcc/avr/5.4.0/avr5\libgcc.a(_clear_bss.o)
 .text.libgcc.fixed
                0x00000000        0x0 c:/program files (x86)/atmel/studio/7.0/toolchain/avr8/avr8-gnu-toolchain/bin/../lib/gcc/avr/5.4.0/avr5\libgcc.a(_clear_bss.o)
 .text          0x00000000        0x0 c:/program files (x86)/atmel/studio/7.0/toolchain/avr8/avr8-gnu-toolchain/bin/../lib/gcc/avr/5.4.0/avr5\libgcc.a(_umulhisi3.o)
 .data          0x00000000        0x0 c:/program files (x86)/atmel/studio/7.0/toolchain/avr8/avr8-gnu-toolchain/bin/../lib/gcc/avr/5.4.0/avr5\libgcc.a(_umulhisi3.o)
 .bss           0x00000000        0x0 c:/program files (x86)/atmel/studio/7.0/toolchain/avr8/avr8-gnu-toolchain/bin/../lib/gcc/avr/5.4.0/avr5\libgcc.a(_umulhisi3.o)
 .text.libgcc.div
                0x00000000        0x0 c:/program files (x86)/atmel/studio/7.0/toolchain/avr8/avr8-gnu-toolchain/bin/../lib/gcc/avr/5.4.0/avr5\libgcc.a(_umulhisi3.o)
 .text.libgcc   0x00000000        0x0 c:/program files (x86)/atmel/studio/7.0/toolchain/avr8/avr8-gnu-toolchain/bin/../lib/gcc/avr/5.4.0/avr5\libgcc.a(_umulhisi3.o)
 .text.libgcc.prologue
                0x00000000        0x0 c:/program files (x86)/atmel/studio/7.0/toolchain/avr8/avr8-gnu-toolchain/bin/../lib/gcc/avr/5.4.0/avr5\libgcc.a(_umulhisi3.o)
 .text.libgcc.builtins
                0x00000000        0x0 c:/program files (x86)/atmel/studio/7.0/toolchain/avr8/avr8-gnu-toolchain/bin/../lib/gcc/avr/5.4.0/avr5\libgcc.a(_umulhisi3.o)
 .text.libgcc.fmul
                0x00000000        0x0 c:/program files (x86)/atmel/studio/7.0/toolchain/avr8/avr8-gnu-toolchain/bin/../lib/gcc/avr/5.4.0/avr5\libgcc.a(_umulhisi3.o)
 .text.libgcc.fixed
                0x00000000        0x0 c:/program files (x86)/atmel/studio/7.0/toolchain/avr8/avr8-gnu-toolchain/bin/../lib/gcc/avr/5.4.0/avr5\libgcc.a(_umulhisi3.o)
 .text          0x00000000        0x0 c:/program files (x86)/atmel/studio/7.0/toolchain/avr8/avr8-gnu-toolchain/bin/../lib/gcc/avr/5.4.0/avr5\libgcc.a(_muluhisi3.o)
 .data          0x00000000        0x0 c:/program files (x86)/atmel/studio/7.0/toolchain/avr8/avr8-gnu-toolchain/bin/../lib/gcc/avr/5.4.0/avr5\libgcc.a(_muluhisi3.o)
 .bss           0x00000000        0x0 c:/program files (x86)/atmel/studio/7.0/toolchain/avr8/avr8-gnu-toolchain/bin/../lib/gcc/avr/5.4.0/avr5\libgcc.a(_muluhisi3.o)
 .text.libgcc.div
                0x00000000        0x0 c:/program files (x86)/atmel/studio/7.0/toolchain/avr8/avr8-gnu-toolchain/bin/../lib/gcc/avr/5.4.0/avr5\libgcc.a(_muluhisi3.o)
 .text.libgcc   0x00000000        0x0 c:/program files (x86)/atmel/studio/7.0/toolchain/avr8/avr8-gnu-toolchain/bin/../lib/gcc/avr/5.4.0/avr5\libgcc.a(_muluhisi3.o)
 .text.libgcc.prologue
                0x00000000        0x0 c:/program files (x86)/atmel/studio/7.0/toolchain/avr8/avr8-gnu-toolchain/bin/../lib/gcc/avr/5.4.0/avr5\libgcc.a(_muluhisi3.o)
 .text.libgcc.builtins
                0x00000000        0x0 c:/program files (x86)/atmel/studio/7.0/toolchain/avr8/avr8-gnu-toolchain/bin/../lib/gcc/avr/5.4.0/avr5\libgcc.a(_muluhisi3.o)
 .text.libgcc.fmul
                0x00000000        0x0 c:/program files (x86)/atmel/studio/7.0/toolchain/avr8/avr8-gnu-toolchain/bin/../lib/gcc/avr/5.4.0/avr5\libgcc.a(_muluhisi3.o)
 .text.libgcc.fixed
                0x00000000        0x0 c:/program files (x86)/atmel/studio/7.0/toolchain/avr8/avr8-gnu-toolchain/bin/../lib/gcc/avr/5.4.0/avr5\libgcc.a(_muluhisi3.o)

Memory Configuration

Name             Origin             Length             Attributes
text             0x00000000         0x00008000         xr
data             0x00800060         0x00000800         rw !x
eeprom           0x00810000         0x00000400         rw !x
fuse             0x00820000         0x00000002         rw !x
lock             0x00830000         0x00000400         rw !x
signature        0x00840000         0x00000400         rw !x
user_signatures  0x00850000         0x00000400         rw !x
*default*        0x00000000         0xffffffff

Linker script and memory map

LOAD C:/Program Files (x86)/Atmel/Studio/7.0/Packs/atmel/ATmega_DFP/1.7.374/gcc/dev/atmega32/avr5/crtatmega32.o
LOAD APP/CFGH/HAL_CFG/Keypad_Cfg.o
LOAD APP/CFGH/HAL_CFG/LCD_CFG.o
LOAD APP/CFGH/MCAL_CFG/PORT_LCfg.o
LOAD APP/MAIN/main.o
LOAD HAL/Button/Button_Core.o
LOAD HAL/Buz/buz.o
LOAD HAL/DC Motor/DcMotor_Core.o
LOAD HAL/EEPROM/EEPROM_core.o
LOAD HAL/KeyPad/KeyPad_Core.o
LOAD HAL/LCD/LCD_Core.o
LOAD HAL/LED/LED_Core.o
LOAD HAL/Relays/Relay.o
LOAD HAL/SevenSeg/SevSeg_Core.o
LOAD HAL/Ultrasonic/Ultrasonic_Core.o
LOAD MCAL/ADC/ADC_Core.o
LOAD MCAL/DIO/DIO_Core.o
LOAD MCAL/GPT/GPT_Core.o
LOAD MCAL/I2C/I2C_Core.o
LOAD MCAL/ICU/ICU_Core.o
LOAD MCAL/IRQH/IRQH_Core.o
LOAD MCAL/PORT/PORT_Core.o
LOAD MCAL/PWM/PWM_Core.o
LOAD MCAL/SPI/SPI_Core.o
LOAD MCAL/UART/UART_Core.o
LOAD MCAL/WDT/WDT_Core.o
START GROUP
LOAD c:/program files (x86)/atmel/studio/7.0/toolchain/avr8/avr8-gnu-toolchain/bin/../lib/gcc/avr/5.4.0/../../../../avr/lib/avr5\libm.a
END GROUP
START GROUP
LOAD c:/program files (x86)/atmel/studio/7.0/toolchain/avr8/avr8-gnu-toolchain/bin/../lib/gcc/avr/5.4.0/avr5\libgcc.a
LOAD c:/program files (x86)/atmel/studio/7.0/toolchain/avr8/avr8-gnu-toolchain/bin/../lib/gcc/avr/5.4.0/../../../../avr/lib/avr5\libm.a
LOAD c:/program files (x86)/atmel/studio/7.0/toolchain/avr8/avr8-gnu-toolchain/bin/../lib/gcc/avr/5.4.0/../../../../avr/lib/avr5\libc.a
LOAD C:/Program Files (x86)/Atmel/Studio/7.0/Packs/atmel/ATmega_DFP/1.7.374/gcc/dev/atmega32/avr5\libatmega32.a
END GROUP
                [0x00008000]                __TEXT_REGION_LENGTH__ = DEFINED (__TEXT_REGION_LENGTH__)?__TEXT_REGION_LENGTH__:0x20000
                [0x00000800]                __DATA_REGION_LENGTH__ = DEFINED (__DATA_REGION_LENGTH__)?__DATA_REGION_LENGTH__:0xffa0
                [0x00000400]                __EEPROM_REGION_LENGTH__ = DEFINED (__EEPROM_REGION_LENGTH__)?__EEPROM_REGION_LENGTH__:0x10000
                [0x00000002]                __FUSE_REGION_LENGTH__ = DEFINED (__FUSE_REGION_LENGTH__)?__FUSE_REGION_LENGTH__:0x400
                0x00000400                __LOCK_REGION_LENGTH__ = DEFINED (__LOCK_REGION_LENGTH__)?__LOCK_REGION_LENGTH__:0x400
                0x00000400                __SIGNATURE_REGION_LENGTH__ = DEFINED (__SIGNATURE_REGION_LENGTH__)?__SIGNATURE_REGION_LENGTH__:0x400
                0x00000400                __USER_SIGNATURE_REGION_LENGTH__ = DEFINED (__USER_SIGNATURE_REGION_LENGTH__)?__USER_SIGNATURE_REGION_LENGTH__:0x400

.hash
 *(.hash)

.dynsym
 *(.dynsym)

.dynstr
 *(.dynstr)

.gnu.version
 *(.gnu.version)

.gnu.version_d
 *(.gnu.version_d)

.gnu.version_r
 *(.gnu.version_r)

.rel.init
 *(.rel.init)

.rela.init
 *(.rela.init)

.rel.text
 *(.rel.text)
 *(.rel.text.*)
 *(.rel.gnu.linkonce.t*)

.rela.text
 *(.rela.text)
 *(.rela.text.*)
 *(.rela.gnu.linkonce.t*)

.rel.fini
 *(.rel.fini)

.rela.fini
 *(.rela.fini)

.rel.rodata
 *(.rel.rodata)
 *(.rel.rodata.*)
 *(.rel.gnu.linkonce.r*)

.rela.rodata
 *(.rela.rodata)
 *(.rela.rodata.*)
 *(.rela.gnu.linkonce.r*)

.rel.data
 *(.rel.data)
 *(.rel.data.*)
 *(.rel.gnu.linkonce.d*)

.rela.data
 *(.rela.data)
 *(.rela.data.*)
 *(.rela.gnu.linkonce.d*)

.rel.ctors
 *(.rel.ctors)

.rela.ctors
 *(.rela.ctors)

.rel.dtors
 *(.rel.dtors)

.rela.dtors
 *(.rela.dtors)

.rel.got
 *(.rel.got)

.rela.got
 *(.rela.got)

.rel.bss
 *(.rel.bss)

.rela.bss
 *(.rela.bss)

.rel.plt
 *(.rel.plt)

.rela.plt
 *(.rela.plt)

.text           0x00000000     0x15b8
 *(.vectors)
 .vectors       0x00000000       0x54 C:/Program Files (x86)/Atmel/Studio/7.0/Packs/atmel/ATmega_DFP/1.7.374/gcc/dev/atmega32/avr5/crtatmega32.o
                0x00000000                __vector_default
                0x00000000                __vectors
 *(.vectors)
 *(.progmem.gcc*)
                0x00000054                . = ALIGN (0x2)
                0x00000054                __trampolines_start = .
 *(.trampolines)
 .trampolines   0x00000054        0x0 linker stubs
 *(.trampolines*)
                0x00000054                __trampolines_end = .
 *libprintf_flt.a:*(.progmem.data)
 *libc.a:*(.progmem.data)
 *(.progmem*)
                0x00000054                . = ALIGN (0x2)
 *(.jumptables)
 *(.jumptables*)
 *(.lowtext)
 *(.lowtext*)
                0x00000054                __ctors_start = .
 *(.ctors)
                0x00000054                __ctors_end = .
                0x00000054                __dtors_start = .
 *(.dtors)
                0x00000054                __dtors_end = .
 SORT(*)(.ctors)
 SORT(*)(.dtors)
 *(.init0)
 .init0         0x00000054        0x0 C:/Program Files (x86)/Atmel/Studio/7.0/Packs/atmel/ATmega_DFP/1.7.374/gcc/dev/atmega32/avr5/crtatmega32.o
                0x00000054                __init
 *(.init0)
 *(.init1)
 *(.init1)
 *(.init2)
 .init2         0x00000054        0xc C:/Program Files (x86)/Atmel/Studio/7.0/Packs/atmel/ATmega_DFP/1.7.374/gcc/dev/atmega32/avr5/crtatmega32.o
 *(.init2)
 *(.init3)
 *(.init3)
 *(.init4)
 .init4         0x00000060       0x16 c:/program files (x86)/atmel/studio/7.0/toolchain/avr8/avr8-gnu-toolchain/bin/../lib/gcc/avr/5.4.0/avr5\libgcc.a(_copy_data.o)
                0x00000060                __do_copy_data
 .init4         0x00000076       0x10 c:/program files (x86)/atmel/studio/7.0/toolchain/avr8/avr8-gnu-toolchain/bin/../lib/gcc/avr/5.4.0/avr5\libgcc.a(_clear_bss.o)
                0x00000076                __do_clear_bss
 *(.init4)
 *(.init5)
 *(.init5)
 *(.init6)
 *(.init6)
 *(.init7)
 *(.init7)
 *(.init8)
 *(.init8)
 *(.init9)
 .init9         0x00000086        0x8 C:/Program Files (x86)/Atmel/Studio/7.0/Packs/atmel/ATmega_DFP/1.7.374/gcc/dev/atmega32/avr5/crtatmega32.o
 *(.init9)
 *(.text)
 .text          0x0000008e        0x4 C:/Program Files (x86)/Atmel/Studio/7.0/Packs/atmel/ATmega_DFP/1.7.374/gcc/dev/atmega32/avr5/crtatmega32.o
                0x0000008e                __vector_12
                0x0000008e                __bad_interrupt
                0x0000008e                __vector_3
                0x0000008e                __vector_17
                0x0000008e                __vector_19
                0x0000008e                __vector_7
                0x0000008e                __vector_5
                0x0000008e                __vector_4
                0x0000008e                __vector_2
                0x0000008e                __vector_8
                0x0000008e                __vector_14
                0x0000008e                __vector_10
                0x0000008e                __vector_18
                0x0000008e                __vector_20
                0x00000092                . = ALIGN (0x2)
 *(.text.*)
 .text.Buz_LED  0x00000092       0x50 APP/MAIN/main.o
                0x00000092                Buz_LED
 .text.map      0x000000e2       0x82 APP/MAIN/main.o
                0x000000e2                map
 .text.convertToCurrent
                0x00000164       0xaa APP/MAIN/main.o
                0x00000164                convertToCurrent
 .text.Error_Solve_Voltage
                0x0000020e      0x10c APP/MAIN/main.o
                0x0000020e                Error_Solve_Voltage
 .text.main     0x0000031a      0x42e APP/MAIN/main.o
                0x0000031a                main
 .text.Button_Init_1
                0x00000748        0x8 HAL/Button/Button_Core.o
                0x00000748                Button_Init_1
 .text.Button_GetValue_1
                0x00000750        0xa HAL/Button/Button_Core.o
                0x00000750                Button_GetValue_1
 .text.Button_Init_2
                0x0000075a        0x8 HAL/Button/Button_Core.o
                0x0000075a                Button_Init_2
 .text.Button_GetValue_2
                0x00000762        0xa HAL/Button/Button_Core.o
                0x00000762                Button_GetValue_2
 .text.buz_Init
                0x0000076c        0x8 HAL/Buz/buz.o
                0x0000076c                buz_Init
 .text.buz_ON   0x00000774        0x8 HAL/Buz/buz.o
                0x00000774                buz_ON
 .text.buz_OFF  0x0000077c        0x8 HAL/Buz/buz.o
                0x0000077c                buz_OFF
 .text.LCD_WriteCommand
                0x00000784       0xbc HAL/LCD/LCD_Core.o
                0x00000784                LCD_WriteCommand
 .text.LCD_Init
                0x00000840       0x2c HAL/LCD/LCD_Core.o
                0x00000840                LCD_Init
 .text.LCD_WriteChar
                0x0000086c       0xbc HAL/LCD/LCD_Core.o
                0x0000086c                LCD_WriteChar
 .text.LCD_WriteString
                0x00000928       0x26 HAL/LCD/LCD_Core.o
                0x00000928                LCD_WriteString
 .text.LCD_WiteInteger
                0x0000094e       0xda HAL/LCD/LCD_Core.o
                0x0000094e                LCD_WiteInteger
 .text.LCD_GoTo
                0x00000a28       0x30 HAL/LCD/LCD_Core.o
                0x00000a28                LCD_GoTo
 .text.LCD_Clear
                0x00000a58        0x8 HAL/LCD/LCD_Core.o
                0x00000a58                LCD_Clear
 .text.LED_Init
                0x00000a60       0x14 HAL/LED/LED_Core.o
                0x00000a60                LED_Init
 .text.LED_Blue_ON
                0x00000a74        0x8 HAL/LED/LED_Core.o
                0x00000a74                LED_Blue_ON
 .text.LED_Blue_OFF
                0x00000a7c        0x8 HAL/LED/LED_Core.o
                0x00000a7c                LED_Blue_OFF
 .text.Relays_Init
                0x00000a84       0x2a HAL/Relays/Relay.o
                0x00000a84                Relays_Init
 .text.Relay_Stage_One
                0x00000aae       0x2a HAL/Relays/Relay.o
                0x00000aae                Relay_Stage_One
 .text.Relay_Stage_Two
                0x00000ad8       0x2a HAL/Relays/Relay.o
                0x00000ad8                Relay_Stage_Two
 .text.Relay_Stage_Three
                0x00000b02       0x2a HAL/Relays/Relay.o
                0x00000b02                Relay_Stage_Three
 .text.Relay_Stage_Four
                0x00000b2c       0x2a HAL/Relays/Relay.o
                0x00000b2c                Relay_Stage_Four
 .text.Relay_Stage_Five
                0x00000b56       0x2a HAL/Relays/Relay.o
                0x00000b56                Relay_Stage_Five
 .text.Relay_Stage_Six
                0x00000b80       0x2a HAL/Relays/Relay.o
                0x00000b80                Relay_Stage_Six
 .text.ADC_Init
                0x00000baa       0x30 MCAL/ADC/ADC_Core.o
                0x00000baa                ADC_Init
 .text.ADC_Read
                0x00000bda       0x2e MCAL/ADC/ADC_Core.o
                0x00000bda                ADC_Read
 .text.DIO_WriteChannel
                0x00000c08      0x10e MCAL/DIO/DIO_Core.o
                0x00000c08                DIO_WriteChannel
 .text.GPT_Init
                0x00000d16       0x1a MCAL/GPT/GPT_Core.o
                0x00000d16                GPT_Init
 .text.GPT_SetTime
                0x00000d30       0x5c MCAL/GPT/GPT_Core.o
                0x00000d30                GPT_SetTime
 .text.IRQH_SetGlobalInterrupts
                0x00000d8c       0x18 MCAL/IRQH/IRQH_Core.o
                0x00000d8c                IRQH_SetGlobalInterrupts
 .text.__vector_1
                0x00000da4       0x4e MCAL/IRQH/IRQH_Core.o
                0x00000da4                __vector_1
 .text.__vector_16
                0x00000df2       0x3c MCAL/IRQH/IRQH_Core.o
                0x00000df2                __vector_16
 .text.__vector_11
                0x00000e2e       0x8e MCAL/IRQH/IRQH_Core.o
                0x00000e2e                __vector_11
 .text.__vector_9
                0x00000ebc       0x4a MCAL/IRQH/IRQH_Core.o
                0x00000ebc                __vector_9
 .text.__vector_6
                0x00000f06      0x13c MCAL/IRQH/IRQH_Core.o
                0x00000f06                __vector_6
 .text.__vector_15
                0x00001042       0x28 MCAL/IRQH/IRQH_Core.o
                0x00001042                __vector_15
 .text.__vector_13
                0x0000106a       0x4a MCAL/IRQH/IRQH_Core.o
                0x0000106a                __vector_13
 .text.PORT_Init
                0x000010b4      0x108 MCAL/PORT/PORT_Core.o
                0x000010b4                PORT_Init
 .text.avr-libc.fplib
                0x000011bc        0x8 c:/program files (x86)/atmel/studio/7.0/toolchain/avr8/avr8-gnu-toolchain/bin/../lib/gcc/avr/5.4.0/../../../../avr/lib/avr5\libm.a(divsf3.o)
                0x000011bc                __divsf3
 .text.avr-libc.fplib
                0x000011c4       0xdc c:/program files (x86)/atmel/studio/7.0/toolchain/avr8/avr8-gnu-toolchain/bin/../lib/gcc/avr/5.4.0/../../../../avr/lib/avr5\libm.a(divsf3x.o)
                0x000011e4                __divsf3x
                0x000011ea                __divsf3_pse
 .text.avr-libc.fplib
                0x000012a0        0xe c:/program files (x86)/atmel/studio/7.0/toolchain/avr8/avr8-gnu-toolchain/bin/../lib/gcc/avr/5.4.0/../../../../avr/lib/avr5\libm.a(fixsfsi.o)
                0x000012a0                __fixsfsi
 .text.avr-libc.fplib
                0x000012ae       0x5e c:/program files (x86)/atmel/studio/7.0/toolchain/avr8/avr8-gnu-toolchain/bin/../lib/gcc/avr/5.4.0/../../../../avr/lib/avr5\libm.a(fixunssfsi.o)
                0x000012ae                __fixunssfsi
 .text.avr-libc.fplib
                0x0000130c       0x7a c:/program files (x86)/atmel/studio/7.0/toolchain/avr8/avr8-gnu-toolchain/bin/../lib/gcc/avr/5.4.0/../../../../avr/lib/avr5\libm.a(floatsisf.o)
                0x0000130c                __floatunsisf
                0x00001310                __floatsisf
 .text.avr-libc.fplib
                0x00001386        0xc c:/program files (x86)/atmel/studio/7.0/toolchain/avr8/avr8-gnu-toolchain/bin/../lib/gcc/avr/5.4.0/../../../../avr/lib/avr5\libm.a(fp_inf.o)
                0x00001386                __fp_inf
 .text.avr-libc.fplib
                0x00001392        0x6 c:/program files (x86)/atmel/studio/7.0/toolchain/avr8/avr8-gnu-toolchain/bin/../lib/gcc/avr/5.4.0/../../../../avr/lib/avr5\libm.a(fp_nan.o)
                0x00001392                __fp_nan
 .text.avr-libc.fplib
                0x00001398        0xe c:/program files (x86)/atmel/studio/7.0/toolchain/avr8/avr8-gnu-toolchain/bin/../lib/gcc/avr/5.4.0/../../../../avr/lib/avr5\libm.a(fp_pscA.o)
                0x00001398                __fp_pscA
 .text.avr-libc.fplib
                0x000013a6        0xe c:/program files (x86)/atmel/studio/7.0/toolchain/avr8/avr8-gnu-toolchain/bin/../lib/gcc/avr/5.4.0/../../../../avr/lib/avr5\libm.a(fp_pscB.o)
                0x000013a6                __fp_pscB
 .text.avr-libc.fplib
                0x000013b4       0x22 c:/program files (x86)/atmel/studio/7.0/toolchain/avr8/avr8-gnu-toolchain/bin/../lib/gcc/avr/5.4.0/../../../../avr/lib/avr5\libm.a(fp_round.o)
                0x000013b4                __fp_round
 .text.avr-libc.fplib
                0x000013d6       0x44 c:/program files (x86)/atmel/studio/7.0/toolchain/avr8/avr8-gnu-toolchain/bin/../lib/gcc/avr/5.4.0/../../../../avr/lib/avr5\libm.a(fp_split3.o)
                0x000013d6                __fp_split3
                0x000013e6                __fp_splitA
 .text.avr-libc.fplib
                0x0000141a        0xe c:/program files (x86)/atmel/studio/7.0/toolchain/avr8/avr8-gnu-toolchain/bin/../lib/gcc/avr/5.4.0/../../../../avr/lib/avr5\libm.a(fp_zero.o)
                0x0000141a                __fp_zero
                0x0000141c                __fp_szero
 .text.avr-libc.fplib
                0x00001428       0x8c c:/program files (x86)/atmel/studio/7.0/toolchain/avr8/avr8-gnu-toolchain/bin/../lib/gcc/avr/5.4.0/../../../../avr/lib/avr5\libm.a(sqrt.o)
                0x00001434                sqrtf
                0x00001434                sqrt
 .text.avr-libc.fplib
                0x000014b4       0x1c c:/program files (x86)/atmel/studio/7.0/toolchain/avr8/avr8-gnu-toolchain/bin/../lib/gcc/avr/5.4.0/../../../../avr/lib/avr5\libm.a(fp_mpack.o)
                0x000014b4                __fp_mpack
                0x000014b8                __fp_mpack_finite
 .text.avr-libc.fplib
                0x000014d0        0xe c:/program files (x86)/atmel/studio/7.0/toolchain/avr8/avr8-gnu-toolchain/bin/../lib/gcc/avr/5.4.0/../../../../avr/lib/avr5\libm.a(fp_norm2.o)
                0x000014d0                __fp_norm2
 .text.libgcc.mul
                0x000014de       0x20 c:/program files (x86)/atmel/studio/7.0/toolchain/avr8/avr8-gnu-toolchain/bin/../lib/gcc/avr/5.4.0/avr5\libgcc.a(_mulsi3.o)
                0x000014de                __mulsi3
 .text.libgcc.div
                0x000014fe       0x44 c:/program files (x86)/atmel/studio/7.0/toolchain/avr8/avr8-gnu-toolchain/bin/../lib/gcc/avr/5.4.0/avr5\libgcc.a(_udivmodsi4.o)
                0x000014fe                __udivmodsi4
 .text.libgcc.div
                0x00001542       0x2e c:/program files (x86)/atmel/studio/7.0/toolchain/avr8/avr8-gnu-toolchain/bin/../lib/gcc/avr/5.4.0/avr5\libgcc.a(_divmodsi4.o)
                0x00001542                __divmodsi4
 .text.libgcc.div
                0x00001570       0x10 c:/program files (x86)/atmel/studio/7.0/toolchain/avr8/avr8-gnu-toolchain/bin/../lib/gcc/avr/5.4.0/avr5\libgcc.a(_negsi2.o)
                0x00001570                __negsi2
 .text.libgcc.mul
                0x00001580       0x1e c:/program files (x86)/atmel/studio/7.0/toolchain/avr8/avr8-gnu-toolchain/bin/../lib/gcc/avr/5.4.0/avr5\libgcc.a(_umulhisi3.o)
                0x00001580                __umulhisi3
 .text.libgcc.mul
                0x0000159e       0x16 c:/program files (x86)/atmel/studio/7.0/toolchain/avr8/avr8-gnu-toolchain/bin/../lib/gcc/avr/5.4.0/avr5\libgcc.a(_muluhisi3.o)
                0x0000159e                __muluhisi3
                0x000015b4                . = ALIGN (0x2)
 *(.fini9)
 .fini9         0x000015b4        0x0 c:/program files (x86)/atmel/studio/7.0/toolchain/avr8/avr8-gnu-toolchain/bin/../lib/gcc/avr/5.4.0/avr5\libgcc.a(_exit.o)
                0x000015b4                _exit
                0x000015b4                exit
 *(.fini9)
 *(.fini8)
 *(.fini8)
 *(.fini7)
 *(.fini7)
 *(.fini6)
 *(.fini6)
 *(.fini5)
 *(.fini5)
 *(.fini4)
 *(.fini4)
 *(.fini3)
 *(.fini3)
 *(.fini2)
 *(.fini2)
 *(.fini1)
 *(.fini1)
 *(.fini0)
 .fini0         0x000015b4        0x4 c:/program files (x86)/atmel/studio/7.0/toolchain/avr8/avr8-gnu-toolchain/bin/../lib/gcc/avr/5.4.0/avr5\libgcc.a(_exit.o)
 *(.fini0)
                0x000015b8                _etext = .

.data           0x00800060       0x4a load address 0x000015b8
                0x00800060                PROVIDE (__data_start, .)
 *(.data)
 *(.data*)
 .data.PORT_Intialization
                0x00800060       0x28 APP/CFGH/MCAL_CFG/PORT_LCfg.o
                0x00800060                PORT_Intialization
 *(.gnu.linkonce.d*)
 *(.rodata)
 *(.rodata*)
 .rodata.str1.1
                0x00800088       0x21 APP/MAIN/main.o
 *(.gnu.linkonce.r*)
                0x008000aa                . = ALIGN (0x2)
 *fill*         0x008000a9        0x1 
                0x008000aa                _edata = .
                0x008000aa                PROVIDE (__data_end, .)

.bss            0x008000aa       0x39
                0x008000aa                PROVIDE (__bss_start, .)
 *(.bss)
 *(.bss*)
 .bss.TIMER0_Init_Value_g
                0x008000aa        0x4 MCAL/GPT/GPT_Core.o
                0x008000aa                TIMER0_Init_Value_g
 .bss.TIMER0_Number_OVRflows_g
                0x008000ae        0x4 MCAL/GPT/GPT_Core.o
                0x008000ae                TIMER0_Number_OVRflows_g
 .bss.Capture_Flag_g
                0x008000b2        0x4 MCAL/ICU/ICU_Core.o
                0x008000b2                Capture_Flag_g
 .bss.Capture_Readings_3_g
                0x008000b6        0x4 MCAL/ICU/ICU_Core.o
                0x008000b6                Capture_Readings_3_g
 .bss.Capture_Readings_2_g
                0x008000ba        0x4 MCAL/ICU/ICU_Core.o
                0x008000ba                Capture_Readings_2_g
 .bss.Capture_Readings_1_g
                0x008000be        0x4 MCAL/ICU/ICU_Core.o
                0x008000be                Capture_Readings_1_g
 .bss.REC_CNT.1684
                0x008000c2        0x1 MCAL/IRQH/IRQH_Core.o
 .bss.OVF_INT_CNT.1663
                0x008000c3        0x1 MCAL/IRQH/IRQH_Core.o
 .bss.TIMER1_Number_OVRflows_g
                0x008000c4        0x4 MCAL/IRQH/IRQH_Core.o
                0x008000c4                TIMER1_Number_OVRflows_g
 .bss.ptr       0x008000c8        0x2 MCAL/IRQH/IRQH_Core.o
                0x008000c8                ptr
 .bss.RX_STATUS_FLAG
                0x008000ca        0x1 MCAL/UART/UART_Core.o
                0x008000ca                RX_STATUS_FLAG
 .bss.TX_Cnt    0x008000cb        0x1 MCAL/UART/UART_Core.o
                0x008000cb                TX_Cnt
 .bss.TX_STATUS_FLAG
                0x008000cc        0x1 MCAL/UART/UART_Core.o
                0x008000cc                TX_STATUS_FLAG
 *(COMMON)
 COMMON         0x008000cd        0x4 MCAL/ADC/ADC_Core.o
                0x008000cd                ADC_Vin_Value_mv
 COMMON         0x008000d1        0x4 MCAL/IRQH/IRQH_Core.o
                0x008000d1                millis_return
 COMMON         0x008000d5        0xe MCAL/UART/UART_Core.o
                0x008000d5                UART_TRANSMITE_DATA
                0x008000dc                UART_RECEIVED_DATA
                0x008000e3                PROVIDE (__bss_end, .)
                0x000015b8                __data_load_start = LOADADDR (.data)
                0x00001602                __data_load_end = (__data_load_start + SIZEOF (.data))

.noinit         0x008000e3        0x0
                [!provide]                PROVIDE (__noinit_start, .)
 *(.noinit*)
                [!provide]                PROVIDE (__noinit_end, .)
                0x008000e3                _end = .
                [!provide]                PROVIDE (__heap_start, .)

.eeprom         0x00810000        0x0
 *(.eeprom*)
                0x00810000                __eeprom_end = .

.fuse
 *(.fuse)
 *(.lfuse)
 *(.hfuse)
 *(.efuse)

.lock
 *(.lock*)

.signature
 *(.signature*)

.user_signatures
 *(.user_signatures*)

.stab
 *(.stab)

.stabstr
 *(.stabstr)

.stab.excl
 *(.stab.excl)

.stab.exclstr
 *(.stab.exclstr)

.stab.index
 *(.stab.index)

.stab.indexstr
 *(.stab.indexstr)

.comment        0x00000000       0x30
 *(.comment)
 .comment       0x00000000       0x30 APP/CFGH/MCAL_CFG/PORT_LCfg.o
                                 0x31 (size before relaxing)
 .comment       0x00000030       0x31 APP/MAIN/main.o
 .comment       0x00000030       0x31 HAL/Button/Button_Core.o
 .comment       0x00000030       0x31 HAL/Buz/buz.o
 .comment       0x00000030       0x31 HAL/LCD/LCD_Core.o
 .comment       0x00000030       0x31 HAL/LED/LED_Core.o
 .comment       0x00000030       0x31 HAL/Relays/Relay.o
 .comment       0x00000030       0x31 MCAL/ADC/ADC_Core.o
 .comment       0x00000030       0x31 MCAL/DIO/DIO_Core.o
 .comment       0x00000030       0x31 MCAL/GPT/GPT_Core.o
 .comment       0x00000030       0x31 MCAL/ICU/ICU_Core.o
 .comment       0x00000030       0x31 MCAL/IRQH/IRQH_Core.o
 .comment       0x00000030       0x31 MCAL/PORT/PORT_Core.o
 .comment       0x00000030       0x31 MCAL/UART/UART_Core.o

.note.gnu.avr.deviceinfo
                0x00000000       0x3c
 .note.gnu.avr.deviceinfo
                0x00000000       0x3c C:/Program Files (x86)/Atmel/Studio/7.0/Packs/atmel/ATmega_DFP/1.7.374/gcc/dev/atmega32/avr5/crtatmega32.o

.note.gnu.build-id
 *(.note.gnu.build-id)

.debug
 *(.debug)

.line
 *(.line)

.debug_srcinfo
 *(.debug_srcinfo)

.debug_sfnames
 *(.debug_sfnames)

.debug_aranges  0x00000000      0x370
 *(.debug_aranges)
 .debug_aranges
                0x00000000       0x18 APP/CFGH/MCAL_CFG/PORT_LCfg.o
 .debug_aranges
                0x00000018       0x50 APP/MAIN/main.o
 .debug_aranges
                0x00000068       0x58 HAL/Button/Button_Core.o
 .debug_aranges
                0x000000c0       0x38 HAL/Buz/buz.o
 .debug_aranges
                0x000000f8       0x58 HAL/LCD/LCD_Core.o
 .debug_aranges
                0x00000150       0x58 HAL/LED/LED_Core.o
 .debug_aranges
                0x000001a8       0x50 HAL/Relays/Relay.o
 .debug_aranges
                0x000001f8       0x28 MCAL/ADC/ADC_Core.o
 .debug_aranges
                0x00000220       0x40 MCAL/DIO/DIO_Core.o
 .debug_aranges
                0x00000260       0x28 MCAL/GPT/GPT_Core.o
 .debug_aranges
                0x00000288       0x28 MCAL/ICU/ICU_Core.o
 .debug_aranges
                0x000002b0       0x68 MCAL/IRQH/IRQH_Core.o
 .debug_aranges
                0x00000318       0x20 MCAL/PORT/PORT_Core.o
 .debug_aranges
                0x00000338       0x38 MCAL/UART/UART_Core.o

.debug_pubnames
 *(.debug_pubnames)

.debug_info     0x00000000     0x2d5f
 *(.debug_info .gnu.linkonce.wi.*)
 .debug_info    0x00000000      0x4e6 C:/Program Files (x86)/Atmel/Studio/7.0/Packs/atmel/ATmega_DFP/1.7.374/gcc/dev/atmega32/avr5/crtatmega32.o
 .debug_info    0x000004e6       0xba APP/CFGH/MCAL_CFG/PORT_LCfg.o
 .debug_info    0x000005a0      0xd1d APP/MAIN/main.o
 .debug_info    0x000012bd      0x1c5 HAL/Button/Button_Core.o
 .debug_info    0x00001482       0xc5 HAL/Buz/buz.o
 .debug_info    0x00001547      0x7fa HAL/LCD/LCD_Core.o
 .debug_info    0x00001d41      0x11d HAL/LED/LED_Core.o
 .debug_info    0x00001e5e      0x48d HAL/Relays/Relay.o
 .debug_info    0x000022eb       0xe4 MCAL/ADC/ADC_Core.o
 .debug_info    0x000023cf      0x219 MCAL/DIO/DIO_Core.o
 .debug_info    0x000025e8      0x111 MCAL/GPT/GPT_Core.o
 .debug_info    0x000026f9      0x116 MCAL/ICU/ICU_Core.o
 .debug_info    0x0000280f      0x2d6 MCAL/IRQH/IRQH_Core.o
 .debug_info    0x00002ae5      0x118 MCAL/PORT/PORT_Core.o
 .debug_info    0x00002bfd      0x162 MCAL/UART/UART_Core.o

.debug_abbrev   0x00000000      0xfc0
 *(.debug_abbrev)
 .debug_abbrev  0x00000000      0x4a3 C:/Program Files (x86)/Atmel/Studio/7.0/Packs/atmel/ATmega_DFP/1.7.374/gcc/dev/atmega32/avr5/crtatmega32.o
 .debug_abbrev  0x000004a3       0x76 APP/CFGH/MCAL_CFG/PORT_LCfg.o
 .debug_abbrev  0x00000519      0x20e APP/MAIN/main.o
 .debug_abbrev  0x00000727       0xa5 HAL/Button/Button_Core.o
 .debug_abbrev  0x000007cc       0x46 HAL/Buz/buz.o
 .debug_abbrev  0x00000812      0x1bb HAL/LCD/LCD_Core.o
 .debug_abbrev  0x000009cd       0x46 HAL/LED/LED_Core.o
 .debug_abbrev  0x00000a13       0x94 HAL/Relays/Relay.o
 .debug_abbrev  0x00000aa7       0x8f MCAL/ADC/ADC_Core.o
 .debug_abbrev  0x00000b36       0xd2 MCAL/DIO/DIO_Core.o
 .debug_abbrev  0x00000c08       0x8f MCAL/GPT/GPT_Core.o
 .debug_abbrev  0x00000c97       0x89 MCAL/ICU/ICU_Core.o
 .debug_abbrev  0x00000d20      0x13e MCAL/IRQH/IRQH_Core.o
 .debug_abbrev  0x00000e5e       0xb4 MCAL/PORT/PORT_Core.o
 .debug_abbrev  0x00000f12       0xae MCAL/UART/UART_Core.o

.debug_line     0x00000000     0x189b
 *(.debug_line .debug_line.* .debug_line_end)
 .debug_line    0x00000000      0x116 C:/Program Files (x86)/Atmel/Studio/7.0/Packs/atmel/ATmega_DFP/1.7.374/gcc/dev/atmega32/avr5/crtatmega32.o
 .debug_line    0x00000116       0x5d APP/CFGH/MCAL_CFG/PORT_LCfg.o
 .debug_line    0x00000173      0x6d2 APP/MAIN/main.o
 .debug_line    0x00000845      0x113 HAL/Button/Button_Core.o
 .debug_line    0x00000958       0x99 HAL/Buz/buz.o
 .debug_line    0x000009f1      0x3ac HAL/LCD/LCD_Core.o
 .debug_line    0x00000d9d       0xff HAL/LED/LED_Core.o
 .debug_line    0x00000e9c      0x195 HAL/Relays/Relay.o
 .debug_line    0x00001031       0xb7 MCAL/ADC/ADC_Core.o
 .debug_line    0x000010e8      0x226 MCAL/DIO/DIO_Core.o
 .debug_line    0x0000130e       0x95 MCAL/GPT/GPT_Core.o
 .debug_line    0x000013a3       0x9b MCAL/ICU/ICU_Core.o
 .debug_line    0x0000143e      0x248 MCAL/IRQH/IRQH_Core.o
 .debug_line    0x00001686      0x11a MCAL/PORT/PORT_Core.o
 .debug_line    0x000017a0       0xfb MCAL/UART/UART_Core.o

.debug_frame    0x00000000      0x788
 *(.debug_frame)
 .debug_frame   0x00000000      0x150 APP/MAIN/main.o
 .debug_frame   0x00000150       0x94 HAL/Button/Button_Core.o
 .debug_frame   0x000001e4       0x54 HAL/Buz/buz.o
 .debug_frame   0x00000238       0xf8 HAL/LCD/LCD_Core.o
 .debug_frame   0x00000330       0x94 HAL/LED/LED_Core.o
 .debug_frame   0x000003c4       0x84 HAL/Relays/Relay.o
 .debug_frame   0x00000448       0x34 MCAL/ADC/ADC_Core.o
 .debug_frame   0x0000047c       0x64 MCAL/DIO/DIO_Core.o
 .debug_frame   0x000004e0       0x34 MCAL/GPT/GPT_Core.o
 .debug_frame   0x00000514       0x34 MCAL/ICU/ICU_Core.o
 .debug_frame   0x00000548      0x1c8 MCAL/IRQH/IRQH_Core.o
 .debug_frame   0x00000710       0x24 MCAL/PORT/PORT_Core.o
 .debug_frame   0x00000734       0x54 MCAL/UART/UART_Core.o

.debug_str      0x00000000      0xc38
 *(.debug_str)
 .debug_str     0x00000000      0x196 C:/Program Files (x86)/Atmel/Studio/7.0/Packs/atmel/ATmega_DFP/1.7.374/gcc/dev/atmega32/avr5/crtatmega32.o
 .debug_str     0x00000196      0x181 APP/CFGH/MCAL_CFG/PORT_LCfg.o
                                0x1a8 (size before relaxing)
 .debug_str     0x00000317      0x3f5 APP/MAIN/main.o
                                0x556 (size before relaxing)
 .debug_str     0x0000070c       0x68 HAL/Button/Button_Core.o
                                0x22e (size before relaxing)
 .debug_str     0x00000774       0x1c HAL/Buz/buz.o
                                0x188 (size before relaxing)
 .debug_str     0x00000790       0xbd HAL/LCD/LCD_Core.o
                                0x2df (size before relaxing)
 .debug_str     0x0000084d       0x48 HAL/LED/LED_Core.o
                                0x1c9 (size before relaxing)
 .debug_str     0x00000895       0x16 HAL/Relays/Relay.o
                                0x228 (size before relaxing)
 .debug_str     0x000008ab       0x34 MCAL/ADC/ADC_Core.o
                                0x1b9 (size before relaxing)
 .debug_str     0x000008df       0x8f MCAL/DIO/DIO_Core.o
                                0x20a (size before relaxing)
 .debug_str     0x0000096e       0x90 MCAL/GPT/GPT_Core.o
                                0x200 (size before relaxing)
 .debug_str     0x000009fe       0x8e MCAL/ICU/ICU_Core.o
                                0x1f0 (size before relaxing)
 .debug_str     0x00000a8c      0x117 MCAL/IRQH/IRQH_Core.o
                                0x367 (size before relaxing)
 .debug_str     0x00000ba3       0x19 MCAL/PORT/PORT_Core.o
                                0x1af (size before relaxing)
 .debug_str     0x00000bbc       0x7c MCAL/UART/UART_Core.o
                                0x211 (size before relaxing)

.debug_loc      0x00000000     0x223f
 *(.debug_loc)
 .debug_loc     0x00000000     0x117e APP/MAIN/main.o
 .debug_loc     0x0000117e       0xc0 HAL/Button/Button_Core.o
 .debug_loc     0x0000123e      0x4f4 HAL/LCD/LCD_Core.o
 .debug_loc     0x00001732       0x4b MCAL/ADC/ADC_Core.o
 .debug_loc     0x0000177d      0x59b MCAL/DIO/DIO_Core.o
 .debug_loc     0x00001d18      0x37e MCAL/IRQH/IRQH_Core.o
 .debug_loc     0x00002096      0x151 MCAL/PORT/PORT_Core.o
 .debug_loc     0x000021e7       0x58 MCAL/UART/UART_Core.o

.debug_macinfo
 *(.debug_macinfo)

.debug_weaknames
 *(.debug_weaknames)

.debug_funcnames
 *(.debug_funcnames)

.debug_typenames
 *(.debug_typenames)

.debug_varnames
 *(.debug_varnames)

.debug_pubtypes
 *(.debug_pubtypes)

.debug_ranges   0x00000000      0x288
 *(.debug_ranges)
 .debug_ranges  0x00000000       0x40 APP/MAIN/main.o
 .debug_ranges  0x00000040       0x48 HAL/Button/Button_Core.o
 .debug_ranges  0x00000088       0x28 HAL/Buz/buz.o
 .debug_ranges  0x000000b0       0x48 HAL/LCD/LCD_Core.o
 .debug_ranges  0x000000f8       0x48 HAL/LED/LED_Core.o
 .debug_ranges  0x00000140       0x40 HAL/Relays/Relay.o
 .debug_ranges  0x00000180       0x18 MCAL/ADC/ADC_Core.o
 .debug_ranges  0x00000198       0x30 MCAL/DIO/DIO_Core.o
 .debug_ranges  0x000001c8       0x18 MCAL/GPT/GPT_Core.o
 .debug_ranges  0x000001e0       0x18 MCAL/ICU/ICU_Core.o
 .debug_ranges  0x000001f8       0x58 MCAL/IRQH/IRQH_Core.o
 .debug_ranges  0x00000250       0x10 MCAL/PORT/PORT_Core.o
 .debug_ranges  0x00000260       0x28 MCAL/UART/UART_Core.o

.debug_macro
 *(.debug_macro)
OUTPUT(Squad B1 - COTS.elf elf32-avr)
LOAD linker stubs
